Component: ARM Compiler 5.06 update 6 (build 750) Tool: armlink [4d35ed]

==============================================================================

Section Cross References

    startup_stm32f767xx.o(RESET) refers to startup_stm32f767xx.o(STACK) for __initial_sp
    startup_stm32f767xx.o(RESET) refers to startup_stm32f767xx.o(.text) for Reset_Handler
    startup_stm32f767xx.o(RESET) refers to stm32f7xx_it.o(i.NMI_Handler) for NMI_Handler
    startup_stm32f767xx.o(RESET) refers to stm32f7xx_it.o(i.HardFault_Handler) for HardFault_Handler
    startup_stm32f767xx.o(RESET) refers to cmb_fault.o(.text) for HardFault_Handler
    startup_stm32f767xx.o(RESET) refers to stm32f7xx_it.o(i.MemManage_Handler) for MemManage_Handler
    startup_stm32f767xx.o(RESET) refers to stm32f7xx_it.o(i.BusFault_Handler) for BusFault_Handler
    startup_stm32f767xx.o(RESET) refers to stm32f7xx_it.o(i.UsageFault_Handler) for UsageFault_Handler
    startup_stm32f767xx.o(RESET) refers to port.o(.emb_text) for SVC_Handler
    startup_stm32f767xx.o(RESET) refers to stm32f7xx_it.o(i.DebugMon_Handler) for DebugMon_Handler
    startup_stm32f767xx.o(RESET) refers to stm32f7xx_it.o(i.SysTick_Handler) for SysTick_Handler
    startup_stm32f767xx.o(RESET) refers to wwd_sdio.o(i.SDMMC1_IRQHandler) for SDMMC1_IRQHandler
    startup_stm32f767xx.o(.text) refers to system_stm32f7xx.o(i.SystemInit) for SystemInit
    startup_stm32f767xx.o(.text) refers to entry.o(.ARM.Collect$$$$00000000) for __main
    system_stm32f7xx.o(i.SystemCoreClockUpdate) refers to system_stm32f7xx.o(.data) for .data
    system_stm32f7xx.o(i.SystemCoreClockUpdate) refers to system_stm32f7xx.o(.constdata) for .constdata
    stm32f7xx_hal.o(i.HAL_DeInit) refers to stm32f7xx_hal_msp_template.o(i.HAL_MspDeInit) for HAL_MspDeInit
    stm32f7xx_hal.o(i.HAL_Delay) refers to stm32f7xx_hal.o(i.HAL_GetTick) for HAL_GetTick
    stm32f7xx_hal.o(i.HAL_GetTick) refers to stm32f7xx_hal.o(.data) for .data
    stm32f7xx_hal.o(i.HAL_IncTick) refers to stm32f7xx_hal.o(.data) for .data
    stm32f7xx_hal.o(i.HAL_Init) refers to stm32f7xx_hal_cortex.o(i.HAL_NVIC_SetPriorityGrouping) for HAL_NVIC_SetPriorityGrouping
    stm32f7xx_hal.o(i.HAL_Init) refers to stm32f7xx_hal.o(i.HAL_InitTick) for HAL_InitTick
    stm32f7xx_hal.o(i.HAL_Init) refers to stm32f7xx_hal_msp_template.o(i.HAL_MspInit) for HAL_MspInit
    stm32f7xx_hal.o(i.HAL_InitTick) refers to stm32f7xx_hal_cortex.o(i.HAL_SYSTICK_Config) for HAL_SYSTICK_Config
    stm32f7xx_hal.o(i.HAL_InitTick) refers to stm32f7xx_hal_cortex.o(i.HAL_NVIC_SetPriority) for HAL_NVIC_SetPriority
    stm32f7xx_hal.o(i.HAL_InitTick) refers to system_stm32f7xx.o(.data) for SystemCoreClock
    stm32f7xx_hal_adc.o(i.ADC_DMAConvCplt) refers to stm32f7xx_hal_adc.o(i.HAL_ADC_ConvCpltCallback) for HAL_ADC_ConvCpltCallback
    stm32f7xx_hal_adc.o(i.ADC_DMAError) refers to stm32f7xx_hal_adc.o(i.HAL_ADC_ErrorCallback) for HAL_ADC_ErrorCallback
    stm32f7xx_hal_adc.o(i.ADC_DMAHalfConvCplt) refers to stm32f7xx_hal_adc.o(i.HAL_ADC_ConvHalfCpltCallback) for HAL_ADC_ConvHalfCpltCallback
    stm32f7xx_hal_adc.o(i.HAL_ADC_ConfigChannel) refers to system_stm32f7xx.o(.data) for SystemCoreClock
    stm32f7xx_hal_adc.o(i.HAL_ADC_DeInit) refers to stm32f7xx_hal_adc.o(i.HAL_ADC_MspDeInit) for HAL_ADC_MspDeInit
    stm32f7xx_hal_adc.o(i.HAL_ADC_IRQHandler) refers to stm32f7xx_hal_adc.o(i.HAL_ADC_ConvCpltCallback) for HAL_ADC_ConvCpltCallback
    stm32f7xx_hal_adc.o(i.HAL_ADC_IRQHandler) refers to stm32f7xx_hal_adc_ex.o(i.HAL_ADCEx_InjectedConvCpltCallback) for HAL_ADCEx_InjectedConvCpltCallback
    stm32f7xx_hal_adc.o(i.HAL_ADC_IRQHandler) refers to stm32f7xx_hal_adc.o(i.HAL_ADC_LevelOutOfWindowCallback) for HAL_ADC_LevelOutOfWindowCallback
    stm32f7xx_hal_adc.o(i.HAL_ADC_IRQHandler) refers to stm32f7xx_hal_adc.o(i.HAL_ADC_ErrorCallback) for HAL_ADC_ErrorCallback
    stm32f7xx_hal_adc.o(i.HAL_ADC_Init) refers to stm32f7xx_hal_adc.o(i.HAL_ADC_MspInit) for HAL_ADC_MspInit
    stm32f7xx_hal_adc.o(i.HAL_ADC_Init) refers to stm32f7xx_hal_adc.o(i.ADC_Init) for ADC_Init
    stm32f7xx_hal_adc.o(i.HAL_ADC_PollForConversion) refers to stm32f7xx_hal.o(i.HAL_GetTick) for HAL_GetTick
    stm32f7xx_hal_adc.o(i.HAL_ADC_PollForEvent) refers to stm32f7xx_hal.o(i.HAL_GetTick) for HAL_GetTick
    stm32f7xx_hal_adc.o(i.HAL_ADC_Start) refers to system_stm32f7xx.o(.data) for SystemCoreClock
    stm32f7xx_hal_adc.o(i.HAL_ADC_Start_DMA) refers to stm32f7xx_hal_dma.o(i.HAL_DMA_Start_IT) for HAL_DMA_Start_IT
    stm32f7xx_hal_adc.o(i.HAL_ADC_Start_DMA) refers to system_stm32f7xx.o(.data) for SystemCoreClock
    stm32f7xx_hal_adc.o(i.HAL_ADC_Start_DMA) refers to stm32f7xx_hal_adc.o(i.ADC_DMAConvCplt) for ADC_DMAConvCplt
    stm32f7xx_hal_adc.o(i.HAL_ADC_Start_DMA) refers to stm32f7xx_hal_adc.o(i.ADC_DMAHalfConvCplt) for ADC_DMAHalfConvCplt
    stm32f7xx_hal_adc.o(i.HAL_ADC_Start_DMA) refers to stm32f7xx_hal_adc.o(i.ADC_DMAError) for ADC_DMAError
[...]
    wwd_wifi.o(i.wwd_wifi_get_mac_address) refers to wwd_buffer.o(i.host_buffer_release) for host_buffer_release
    wwd_wifi.o(i.wwd_wifi_get_mac_address) refers to wwd_wifi.o(.data) for .data
    wwd_wifi.o(i.wwd_wifi_get_max_associations) refers to wwd_wifi.o(i.wwd_wifi_get_iovar_value) for wwd_wifi_get_iovar_value
    wwd_wifi.o(i.wwd_wifi_get_noise) refers to wwd_wifi.o(i.wwd_wifi_get_ioctl_buffer) for wwd_wifi_get_ioctl_buffer
    wwd_wifi.o(i.wwd_wifi_get_ofdm_dutycycle) refers to wwd_wifi.o(i.wwd_wifi_get_iovar_value) for wwd_wifi_get_iovar_value
    wwd_wifi.o(i.wwd_wifi_get_packet_filter_mask_and_pattern) refers to wwd_sdpcm.o(i.wwd_sdpcm_get_iovar_buffer) for wwd_sdpcm_get_iovar_buffer
    wwd_wifi.o(i.wwd_wifi_get_packet_filter_mask_and_pattern) refers to wwd_sdpcm.o(i.wwd_sdpcm_send_iovar) for wwd_sdpcm_send_iovar
    wwd_wifi.o(i.wwd_wifi_get_packet_filter_mask_and_pattern) refers to wwd_buffer.o(i.host_buffer_get_current_piece_data_pointer) for host_buffer_get_current_piece_data_pointer
    wwd_wifi.o(i.wwd_wifi_get_packet_filter_mask_and_pattern) refers to memmovea.o(.text) for __aeabi_memcpy
    wwd_wifi.o(i.wwd_wifi_get_packet_filter_mask_and_pattern) refers to wwd_buffer.o(i.host_buffer_release) for host_buffer_release
    wwd_wifi.o(i.wwd_wifi_get_packet_filter_stats) refers to wwd_sdpcm.o(i.wwd_sdpcm_get_iovar_buffer) for wwd_sdpcm_get_iovar_buffer
    wwd_wifi.o(i.wwd_wifi_get_packet_filter_stats) refers to wwd_sdpcm.o(i.wwd_sdpcm_send_iovar) for wwd_sdpcm_send_iovar
    wwd_wifi.o(i.wwd_wifi_get_packet_filter_stats) refers to wwd_buffer.o(i.host_buffer_get_current_piece_data_pointer) for host_buffer_get_current_piece_data_pointer
    wwd_wifi.o(i.wwd_wifi_get_packet_filter_stats) refers to wwd_buffer.o(i.host_buffer_release) for host_buffer_release
    wwd_wifi.o(i.wwd_wifi_get_packet_filters) refers to wwd_wifi.o(i.wwd_wifi_get_packet_filters_inner) for wwd_wifi_get_packet_filters_inner
    wwd_wifi.o(i.wwd_wifi_get_packet_filters_inner) refers to wwd_sdpcm.o(i.wwd_sdpcm_get_iovar_buffer) for wwd_sdpcm_get_iovar_buffer
    wwd_wifi.o(i.wwd_wifi_get_packet_filters_inner) refers to wwd_sdpcm.o(i.wwd_sdpcm_send_iovar) for wwd_sdpcm_send_iovar
    wwd_wifi.o(i.wwd_wifi_get_packet_filters_inner) refers to wwd_buffer.o(i.host_buffer_get_current_piece_data_pointer) for host_buffer_get_current_piece_data_pointer
    wwd_wifi.o(i.wwd_wifi_get_packet_filters_inner) refers to wwd_buffer.o(i.host_buffer_release) for host_buffer_release
    wwd_wifi.o(i.wwd_wifi_get_pm_mode) refers to wwd_wifi.o(i.wwd_wifi_get_ioctl_value) for wwd_wifi_get_ioctl_value
    wwd_wifi.o(i.wwd_wifi_get_pmk) refers to wwd_sdpcm.o(i.wwd_sdpcm_get_ioctl_buffer) for wwd_sdpcm_get_ioctl_buffer
    wwd_wifi.o(i.wwd_wifi_get_pmk) refers to memmovea.o(.text) for __aeabi_memcpy
    wwd_wifi.o(i.wwd_wifi_get_pmk) refers to wwd_sdpcm.o(i.wwd_sdpcm_send_ioctl) for wwd_sdpcm_send_ioctl
    wwd_wifi.o(i.wwd_wifi_get_pmk) refers to wwd_buffer.o(i.host_buffer_get_current_piece_data_pointer) for host_buffer_get_current_piece_data_pointer
    wwd_wifi.o(i.wwd_wifi_get_pmk) refers to wwd_buffer.o(i.host_buffer_release) for host_buffer_release
    wwd_wifi.o(i.wwd_wifi_get_powersave_interface) refers to wwd_wifi.o(i.wwd_wifi_get_ioctl_value) for wwd_wifi_get_ioctl_value
    wwd_wifi.o(i.wwd_wifi_get_preferred_association_band) refers to wwd_wifi.o(i.wwd_wifi_get_ioctl_value) for wwd_wifi_get_ioctl_value
    wwd_wifi.o(i.wwd_wifi_get_radio_resource_management_capabilities) refers to wwd_wifi.o(i.wwd_wifi_get_iovar_buffer) for wwd_wifi_get_iovar_buffer
    wwd_wifi.o(i.wwd_wifi_get_rate) refers to wwd_wifi.o(i.wwd_wifi_get_ioctl_value) for wwd_wifi_get_ioctl_value
    wwd_wifi.o(i.wwd_wifi_get_revision_info) refers to wwd_wifi.o(i.wwd_wifi_get_ioctl_buffer) for wwd_wifi_get_ioctl_buffer
    wwd_wifi.o(i.wwd_wifi_get_roam_delta) refers to wwd_wifi.o(i.wwd_wifi_get_roam_delta_per_band) for wwd_wifi_get_roam_delta_per_band
    wwd_wifi.o(i.wwd_wifi_get_roam_delta_per_band) refers to wwd_sdpcm.o(i.wwd_sdpcm_get_ioctl_buffer) for wwd_sdpcm_get_ioctl_buffer
    wwd_wifi.o(i.wwd_wifi_get_roam_delta_per_band) refers to wwd_wifi.o(i.wwd_wifi_band_to_wlc_band) for wwd_wifi_band_to_wlc_band
    wwd_wifi.o(i.wwd_wifi_get_roam_delta_per_band) refers to wwd_sdpcm.o(i.wwd_sdpcm_send_ioctl) for wwd_sdpcm_send_ioctl
    wwd_wifi.o(i.wwd_wifi_get_roam_delta_per_band) refers to wwd_buffer.o(i.host_buffer_get_current_piece_data_pointer) for host_buffer_get_current_piece_data_pointer
    wwd_wifi.o(i.wwd_wifi_get_roam_delta_per_band) refers to wwd_buffer.o(i.host_buffer_release) for host_buffer_release
    wwd_wifi.o(i.wwd_wifi_get_roam_scan_period) refers to wwd_wifi.o(i.wwd_wifi_get_ioctl_value) for wwd_wifi_get_ioctl_value
    wwd_wifi.o(i.wwd_wifi_get_roam_trigger) refers to wwd_wifi.o(i.wwd_wifi_get_roam_trigger_per_band) for wwd_wifi_get_roam_trigger_per_band
    wwd_wifi.o(i.wwd_wifi_get_roam_trigger_per_band) refers to wwd_sdpcm.o(i.wwd_sdpcm_get_ioctl_buffer) for wwd_sdpcm_get_ioctl_buffer
    wwd_wifi.o(i.wwd_wifi_get_roam_trigger_per_band) refers to wwd_wifi.o(i.wwd_wifi_band_to_wlc_band) for wwd_wifi_band_to_wlc_band
    wwd_wifi.o(i.wwd_wifi_get_roam_trigger_per_band) refers to wwd_sdpcm.o(i.wwd_sdpcm_send_ioctl) for wwd_sdpcm_send_ioctl
    wwd_wifi.o(i.wwd_wifi_get_roam_trigger_per_band) refers to wwd_buffer.o(i.host_buffer_get_current_piece_data_pointer) for host_buffer_get_current_piece_data_pointer
    wwd_wifi.o(i.wwd_wifi_get_roam_trigger_per_band) refers to wwd_buffer.o(i.host_buffer_release) for host_buffer_release
    wwd_wifi.o(i.wwd_wifi_get_rssi) refers to wwd_wifi.o(i.wwd_wifi_get_ioctl_buffer) for wwd_wifi_get_ioctl_buffer
    wwd_wifi.o(i.wwd_wifi_get_scan_params) refers to wwd_wifi.o(i.wwd_wifi_get_iovar_value) for wwd_wifi_get_iovar_value
    wwd_wifi.o(i.wwd_wifi_get_supplicant_eapol_key_timeout) refers to wwd_wifi.o(i.wwd_wifi_get_iovar_buffer) for wwd_wifi_get_iovar_buffer
    wwd_wifi.o(i.wwd_wifi_get_supported_band_list) refers to wwd_sdpcm.o(i.wwd_sdpcm_get_ioctl_buffer) for wwd_sdpcm_get_ioctl_buffer
    wwd_wifi.o(i.wwd_wifi_get_supported_band_list) refers to wwd_sdpcm.o(i.wwd_sdpcm_send_ioctl) for wwd_sdpcm_send_ioctl
    wwd_wifi.o(i.wwd_wifi_get_supported_band_list) refers to wwd_buffer.o(i.host_buffer_get_current_piece_data_pointer) for host_buffer_get_current_piece_data_pointer
    wwd_wifi.o(i.wwd_wifi_get_supported_band_list) refers to wwd_buffer.o(i.host_buffer_release) for host_buffer_release
    wwd_wifi.o(i.wwd_wifi_get_tx_power) refers to wwd_wifi.o(i.wwd_wifi_get_iovar_value) for wwd_wifi_get_iovar_value
    wwd_wifi.o(i.wwd_wifi_get_wifi_memuse) refers to wwd_wifi.o(i.wwd_wifi_get_iovar_buffer) for wwd_wifi_get_iovar_buffer
    wwd_wifi.o(i.wwd_wifi_get_wifi_version) refers to wwd_wifi.o(i.wwd_wifi_get_iovar_buffer) for wwd_wifi_get_iovar_buffer
    wwd_wifi.o(i.wwd_wifi_get_wifi_version) refers to wwd_wifi.o(i.strnlen) for strnlen
    wwd_wifi.o(i.wwd_wifi_interface_up) refers to wwd_sdpcm.o(i.wwd_get_bss_index) for wwd_get_bss_index
    wwd_wifi.o(i.wwd_wifi_interface_up) refers to wwd_sdpcm.o(i.wwd_sdpcm_get_iovar_buffer) for wwd_sdpcm_get_iovar_buffer
    wwd_wifi.o(i.wwd_wifi_interface_up) refers to wwd_sdpcm.o(i.wwd_sdpcm_send_iovar) for wwd_sdpcm_send_iovar
    wwd_wifi.o(i.wwd_wifi_interface_up) refers to printfa.o(i.__0printf) for __2printf
    wwd_wifi.o(i.wwd_wifi_interface_up) refers to wwd_wifi.o(.constdata) for .constdata
    wwd_wifi.o(i.wwd_wifi_is_mesh_enabled) refers to wwd_wifi.o(.data) for .data
    wwd_wifi.o(i.wwd_wifi_is_mesh_mcast_rebroadcast_enabled) refers to wwd_wifi.o(.data) for .data
    wwd_wifi.o(i.wwd_wifi_is_ready_to_transceive) refers to wwd_ap_common.o(i.wwd_wifi_get_ap_is_up) for wwd_wifi_get_ap_is_up
    wwd_wifi.o(i.wwd_wifi_is_ready_to_transceive) refers to wwd_wifi.o(i.wwd_wifi_p2p_is_go_up) for wwd_wifi_p2p_is_go_up
    wwd_wifi.o(i.wwd_wifi_is_ready_to_transceive) refers to wwd_wifi.o(i.wwd_wifi_check_join_status) for wwd_wifi_check_join_status
    wwd_wifi.o(i.wwd_wifi_join) refers to wwd_chip_specific_functions.o(i.wwd_ensure_wlan_bus_is_up) for wwd_ensure_wlan_bus_is_up
    wwd_wifi.o(i.wwd_wifi_join) refers to wwd_ap.o(i.wwd_wifi_set_block_ack_window_size) for wwd_wifi_set_block_ack_window_size
    wwd_wifi.o(i.wwd_wifi_join) refers to wwd_thread.o(i.wwd_thread_notify) for wwd_thread_notify
    wwd_wifi.o(i.wwd_wifi_join) refers to wwd_wifi.o(i.wwd_wifi_active_join_init) for wwd_wifi_active_join_init
    wwd_wifi.o(i.wwd_wifi_join) refers to wwd_rtos.o(i.host_rtos_init_semaphore) for host_rtos_init_semaphore
    wwd_wifi.o(i.wwd_wifi_join) refers to wwd_sdpcm.o(i.wwd_sdpcm_get_ioctl_buffer) for wwd_sdpcm_get_ioctl_buffer
    wwd_wifi.o(i.wwd_wifi_join) refers to memmovea.o(.text) for __aeabi_memcpy
    wwd_wifi.o(i.wwd_wifi_join) refers to wwd_sdpcm.o(i.wwd_sdpcm_send_ioctl) for wwd_sdpcm_send_ioctl
    wwd_wifi.o(i.wwd_wifi_join) refers to wwd_rtos.o(i.host_rtos_get_semaphore) for host_rtos_get_semaphore
    wwd_wifi.o(i.wwd_wifi_join) refers to wwd_wifi.o(i.wwd_wifi_is_ready_to_transceive) for wwd_wifi_is_ready_to_transceive
    wwd_wifi.o(i.wwd_wifi_join) refers to wwd_wifi.o(i.wwd_wifi_leave) for wwd_wifi_leave
    wwd_wifi.o(i.wwd_wifi_join) refers to printfa.o(i.__0printf) for __2printf
    wwd_wifi.o(i.wwd_wifi_join) refers to wwd_wifi.o(i.wwd_wifi_active_join_deinit) for wwd_wifi_active_join_deinit
    wwd_wifi.o(i.wwd_wifi_join) refers to wwd_wifi.o(.data) for .data
    wwd_wifi.o(i.wwd_wifi_join) refers to wwd_internal.o(.data) for wwd_wlan_status
    wwd_wifi.o(i.wwd_wifi_join) refers to wwd_wifi.o(.constdata) for .constdata
    wwd_wifi.o(i.wwd_wifi_join_halt) refers to wwd_rtos.o(i.host_rtos_get_semaphore) for host_rtos_get_semaphore
    wwd_wifi.o(i.wwd_wifi_join_halt) refers to wwd_rtos.o(i.host_rtos_set_semaphore) for host_rtos_set_semaphore
    wwd_wifi.o(i.wwd_wifi_join_halt) refers to wwd_wifi.o(.data) for .data
    wwd_wifi.o(i.wwd_wifi_join_specific) refers to wwd_chip_specific_functions.o(i.wwd_ensure_wlan_bus_is_up) for wwd_ensure_wlan_bus_is_up
    wwd_wifi.o(i.wwd_wifi_join_specific) refers to wwd_ap.o(i.wwd_wifi_set_block_ack_window_size) for wwd_wifi_set_block_ack_window_size
    wwd_wifi.o(i.wwd_wifi_join_specific) refers to wwd_thread.o(i.wwd_thread_notify) for wwd_thread_notify
    wwd_wifi.o(i.wwd_wifi_join_specific) refers to printfa.o(i.__0printf) for __2printf
    wwd_wifi.o(i.wwd_wifi_join_specific) refers to wwd_wifi.o(i.wwd_wifi_active_join_init) for wwd_wifi_active_join_init
    wwd_wifi.o(i.wwd_wifi_join_specific) refers to wwd_wifi.o(i.wwd_wifi_active_join_deinit) for wwd_wifi_active_join_deinit
    wwd_wifi.o(i.wwd_wifi_join_specific) refers to wwd_rtos.o(i.host_rtos_init_semaphore) for host_rtos_init_semaphore
    wwd_wifi.o(i.wwd_wifi_join_specific) refers to wwd_wifi.o(i.wwd_wifi_is_ready_to_transceive) for wwd_wifi_is_ready_to_transceive
    wwd_wifi.o(i.wwd_wifi_join_specific) refers to wwd_wifi.o(i.wwd_wifi_get_channel) for wwd_wifi_get_channel
    wwd_wifi.o(i.wwd_wifi_join_specific) refers to wwd_wifi.o(i.wwd_wifi_set_channel) for wwd_wifi_set_channel
    wwd_wifi.o(i.wwd_wifi_join_specific) refers to wwd_rtos.o(i.host_rtos_delay_milliseconds) for host_rtos_delay_milliseconds
    wwd_wifi.o(i.wwd_wifi_join_specific) refers to wwd_sdpcm.o(i.wwd_sdpcm_get_iovar_buffer) for wwd_sdpcm_get_iovar_buffer
    wwd_wifi.o(i.wwd_wifi_join_specific) refers to memseta.o(.text) for __aeabi_memclr4
    wwd_wifi.o(i.wwd_wifi_join_specific) refers to memmovea.o(.text) for __aeabi_memcpy
    wwd_wifi.o(i.wwd_wifi_join_specific) refers to wwd_sdpcm.o(i.wwd_sdpcm_send_iovar) for wwd_sdpcm_send_iovar
    wwd_wifi.o(i.wwd_wifi_join_specific) refers to wwd_sdpcm.o(i.wwd_sdpcm_get_ioctl_buffer) for wwd_sdpcm_get_ioctl_buffer
    wwd_wifi.o(i.wwd_wifi_join_specific) refers to wwd_sdpcm.o(i.wwd_sdpcm_send_ioctl) for wwd_sdpcm_send_ioctl
    wwd_wifi.o(i.wwd_wifi_join_specific) refers to wwd_rtos.o(i.host_rtos_get_semaphore) for host_rtos_get_semaphore
    wwd_wifi.o(i.wwd_wifi_join_specific) refers to wwd_wifi.o(i.wwd_wifi_leave) for wwd_wifi_leave
    wwd_wifi.o(i.wwd_wifi_join_specific) refers to wwd_internal.o(.data) for wwd_wlan_status
    wwd_wifi.o(i.wwd_wifi_join_specific) refers to wwd_wifi.o(.constdata) for .constdata
    wwd_wifi.o(i.wwd_wifi_leave) refers to printfa.o(i.__0printf) for __2printf
    wwd_wifi.o(i.wwd_wifi_leave) refers to wwd_sdpcm.o(i.wwd_management_set_event_handler) for wwd_management_set_event_handler
    wwd_wifi.o(i.wwd_wifi_leave) refers to wwd_wifi.o(i.wwd_wifi_set_ioctl_void) for wwd_wifi_set_ioctl_void
    wwd_wifi.o(i.wwd_wifi_leave) refers to wwd_wifi.o(i.wwd_wifi_link_update) for wwd_wifi_link_update
    wwd_wifi.o(i.wwd_wifi_leave) refers to wwd_wifi.o(.constdata) for .constdata
    wwd_wifi.o(i.wwd_wifi_leave) refers to wwd_wifi.o(.bss) for .bss
    wwd_wifi.o(i.wwd_wifi_link_update) refers to wwd_wifi.o(.data) for .data
    wwd_wifi.o(i.wwd_wifi_manage_custom_ie) refers to wwd_sdpcm.o(i.wwd_sdpcm_get_iovar_buffer) for wwd_sdpcm_get_iovar_buffer
    wwd_wifi.o(i.wwd_wifi_manage_custom_ie) refers to wwd_sdpcm.o(i.wwd_get_bss_index) for wwd_get_bss_index
    wwd_wifi.o(i.wwd_wifi_manage_custom_ie) refers to memmovea.o(.text) for __aeabi_memcpy
    wwd_wifi.o(i.wwd_wifi_manage_custom_ie) refers to wwd_sdpcm.o(i.wwd_sdpcm_send_iovar) for wwd_sdpcm_send_iovar
    wwd_wifi.o(i.wwd_wifi_monitor_mode_is_enabled) refers to wwd_wifi.o(.data) for .data
    wwd_wifi.o(i.wwd_wifi_otp_write_bit) refers to wwd_wifi.o(i.wwd_wifi_otp_write_bits) for wwd_wifi_otp_write_bits
    wwd_wifi.o(i.wwd_wifi_otp_write_bits) refers to wwd_sdpcm.o(i.wwd_sdpcm_get_iovar_buffer) for wwd_sdpcm_get_iovar_buffer
    wwd_wifi.o(i.wwd_wifi_otp_write_bits) refers to memseta.o(.text) for __aeabi_memclr
    wwd_wifi.o(i.wwd_wifi_otp_write_bits) refers to memmovea.o(.text) for __aeabi_memcpy
    wwd_wifi.o(i.wwd_wifi_otp_write_bits) refers to wwd_sdpcm.o(i.wwd_sdpcm_send_iovar) for wwd_sdpcm_send_iovar
    wwd_wifi.o(i.wwd_wifi_otp_write_word) refers to wwd_wifi.o(i.wwd_wifi_otp_write_bits) for wwd_wifi_otp_write_bits
    wwd_wifi.o(i.wwd_wifi_p2p_is_go_up) refers to wwd_wifi.o(.data) for .data
    wwd_wifi.o(i.wwd_wifi_p2p_set_go_is_up) refers to wwd_wifi.o(i.wwd_wifi_link_update) for wwd_wifi_link_update
    wwd_wifi.o(i.wwd_wifi_p2p_set_go_is_up) refers to wwd_wifi.o(.data) for .data
    wwd_wifi.o(i.wwd_wifi_pno_add_network) refers to wwd_wifi.o(i.wwd_wifi_pno_stop) for wwd_wifi_pno_stop
    wwd_wifi.o(i.wwd_wifi_pno_add_network) refers to wwd_wifi.o(i.wwd_pno_add_ssid_network) for wwd_pno_add_ssid_network
    wwd_wifi.o(i.wwd_wifi_pno_clear) refers to wwd_wifi.o(i.wwd_wifi_pno_stop) for wwd_wifi_pno_stop
    wwd_wifi.o(i.wwd_wifi_pno_clear) refers to wwd_wifi.o(i.wwd_wifi_set_iovar_void) for wwd_wifi_set_iovar_void
    wwd_wifi.o(i.wwd_wifi_pno_set_enable) refers to wwd_wifi.o(i.wwd_wifi_set_iovar_value) for wwd_wifi_set_iovar_value
    wwd_wifi.o(i.wwd_wifi_pno_start) refers to wwd_wifi.o(i.wwd_wifi_set_iovar_buffer) for wwd_wifi_set_iovar_buffer
    wwd_wifi.o(i.wwd_wifi_pno_start) refers to wwd_wifi.o(i.wwd_wifi_pno_set_enable) for wwd_wifi_pno_set_enable
    wwd_wifi.o(i.wwd_wifi_pno_stop) refers to wwd_wifi.o(i.wwd_wifi_pno_set_enable) for wwd_wifi_pno_set_enable
    wwd_wifi.o(i.wwd_wifi_prepare_join) refers to printfa.o(i.__0printf) for __2printf
    wwd_wifi.o(i.wwd_wifi_prepare_join) refers to wwd_wifi.o(i.wwd_wifi_set_ioctl_value) for wwd_wifi_set_ioctl_value
    wwd_wifi.o(i.wwd_wifi_prepare_join) refers to wwd_sdpcm.o(i.wwd_get_bss_index) for wwd_get_bss_index
    wwd_wifi.o(i.wwd_wifi_prepare_join) refers to wwd_sdpcm.o(i.wwd_sdpcm_get_iovar_buffer) for wwd_sdpcm_get_iovar_buffer
    wwd_wifi.o(i.wwd_wifi_prepare_join) refers to wwd_sdpcm.o(i.wwd_sdpcm_send_iovar) for wwd_sdpcm_send_iovar
    wwd_wifi.o(i.wwd_wifi_prepare_join) refers to wwd_wifi.o(i.wwd_wifi_set_supplicant_eapol_key_timeout) for wwd_wifi_set_supplicant_eapol_key_timeout
    wwd_wifi.o(i.wwd_wifi_prepare_join) refers to wwd_wifi.o(i.wwd_wifi_set_passphrase) for wwd_wifi_set_passphrase
    wwd_wifi.o(i.wwd_wifi_prepare_join) refers to wwd_sdpcm.o(i.wwd_sdpcm_get_ioctl_buffer) for wwd_sdpcm_get_ioctl_buffer
    wwd_wifi.o(i.wwd_wifi_prepare_join) refers to memseta.o(.text) for __aeabi_memclr4
    wwd_wifi.o(i.wwd_wifi_prepare_join) refers to memmovea.o(.text) for __aeabi_memcpy
    wwd_wifi.o(i.wwd_wifi_prepare_join) refers to wwd_buffer.o(i.host_buffer_release) for host_buffer_release
    wwd_wifi.o(i.wwd_wifi_prepare_join) refers to wwd_sdpcm.o(i.wwd_sdpcm_send_ioctl) for wwd_sdpcm_send_ioctl
    wwd_wifi.o(i.wwd_wifi_prepare_join) refers to wwd_sdpcm.o(i.wwd_management_set_event_handler) for wwd_management_set_event_handler
    wwd_wifi.o(i.wwd_wifi_prepare_join) refers to wwd_wifi.o(.data) for .data
    wwd_wifi.o(i.wwd_wifi_prepare_join) refers to wwd_wifi.o(.constdata) for .constdata
    wwd_wifi.o(i.wwd_wifi_prepare_join) refers to wwd_wifi.o(.bss) for .bss
    wwd_wifi.o(i.wwd_wifi_prepare_join) refers to wwd_wifi.o(i.wiced_join_events_handler) for wiced_join_events_handler
    wwd_wifi.o(i.wwd_wifi_radio_resource_management_beacon_req) refers to wwd_wifi.o(i.wwd_wifi_get_iovar_buffer) for wwd_wifi_get_iovar_buffer
    wwd_wifi.o(i.wwd_wifi_radio_resource_management_channel_load_req) refers to wwd_wifi.o(i.wwd_wifi_set_iovar_buffer) for wwd_wifi_set_iovar_buffer
    wwd_wifi.o(i.wwd_wifi_radio_resource_management_frame_req) refers to wwd_wifi.o(i.wwd_wifi_set_iovar_buffer) for wwd_wifi_set_iovar_buffer
    wwd_wifi.o(i.wwd_wifi_radio_resource_management_link_management_req) refers to wwd_wifi.o(i.wwd_wifi_set_iovar_buffer) for wwd_wifi_set_iovar_buffer
    wwd_wifi.o(i.wwd_wifi_radio_resource_management_neighbor_add_neighbor) refers to wwd_wifi.o(i.wwd_wifi_set_iovar_buffer) for wwd_wifi_set_iovar_buffer
    wwd_wifi.o(i.wwd_wifi_radio_resource_management_neighbor_del_neighbor) refers to wwd_wifi.o(i.wwd_wifi_set_iovar_buffer) for wwd_wifi_set_iovar_buffer
    wwd_wifi.o(i.wwd_wifi_radio_resource_management_neighbor_list) refers to wwd_wifi.o(i.wwd_wifi_get_iovar_buffer) for wwd_wifi_get_iovar_buffer
    wwd_wifi.o(i.wwd_wifi_radio_resource_management_neighbor_req) refers to wwd_wifi.o(i.wwd_wifi_check_join_status) for wwd_wifi_check_join_status
    wwd_wifi.o(i.wwd_wifi_radio_resource_management_neighbor_req) refers to wwd_sdpcm.o(i.wwd_sdpcm_get_iovar_buffer) for wwd_sdpcm_get_iovar_buffer
    wwd_wifi.o(i.wwd_wifi_radio_resource_management_neighbor_req) refers to memmovea.o(.text) for __aeabi_memcpy
    wwd_wifi.o(i.wwd_wifi_radio_resource_management_neighbor_req) refers to wwd_sdpcm.o(i.wwd_sdpcm_send_iovar) for wwd_sdpcm_send_iovar
    wwd_wifi.o(i.wwd_wifi_radio_resource_management_noise_req) refers to wwd_wifi.o(i.wwd_wifi_set_iovar_buffer) for wwd_wifi_set_iovar_buffer
    wwd_wifi.o(i.wwd_wifi_radio_resource_management_stat_req) refers to wwd_wifi.o(i.wwd_wifi_set_iovar_buffer) for wwd_wifi_set_iovar_buffer
    wwd_wifi.o(i.wwd_wifi_register_link_update_callback) refers to wwd_wifi.o(.data) for .data
    wwd_wifi.o(i.wwd_wifi_register_multicast_address) refers to wwd_wifi.o(i.wwd_wifi_register_multicast_address_for_interface) for wwd_wifi_register_multicast_address_for_interface
    wwd_wifi.o(i.wwd_wifi_register_multicast_address_for_interface) refers to wwd_sdpcm.o(i.wwd_sdpcm_get_iovar_buffer) for wwd_sdpcm_get_iovar_buffer
    wwd_wifi.o(i.wwd_wifi_register_multicast_address_for_interface) refers to wwd_sdpcm.o(i.wwd_sdpcm_send_iovar) for wwd_sdpcm_send_iovar
    wwd_wifi.o(i.wwd_wifi_register_multicast_address_for_interface) refers to wwd_buffer.o(i.host_buffer_get_current_piece_data_pointer) for host_buffer_get_current_piece_data_pointer
    wwd_wifi.o(i.wwd_wifi_register_multicast_address_for_interface) refers to memcmp.o(.text) for memcmp
    wwd_wifi.o(i.wwd_wifi_register_multicast_address_for_interface) refers to memmovea.o(.text) for __aeabi_memcpy
    wwd_wifi.o(i.wwd_wifi_register_multicast_address_for_interface) refers to wwd_buffer.o(i.host_buffer_release) for host_buffer_release
    wwd_wifi.o(i.wwd_wifi_remove_packet_filter) refers to wwd_sdpcm.o(i.wwd_sdpcm_get_iovar_buffer) for wwd_sdpcm_get_iovar_buffer
    wwd_wifi.o(i.wwd_wifi_remove_packet_filter) refers to wwd_sdpcm.o(i.wwd_sdpcm_send_iovar) for wwd_sdpcm_send_iovar
    wwd_wifi.o(i.wwd_wifi_rrm_request) refers to wwd_sdpcm.o(i.wwd_management_set_event_handler) for wwd_management_set_event_handler
    wwd_wifi.o(i.wwd_wifi_rrm_request) refers to wwd_wifi.o(i.wwd_wifi_radio_resource_management_channel_load_req) for wwd_wifi_radio_resource_management_channel_load_req
    wwd_wifi.o(i.wwd_wifi_rrm_request) refers to wwd_wifi.o(i.wwd_wifi_radio_resource_management_neighbor_req) for wwd_wifi_radio_resource_management_neighbor_req
    wwd_wifi.o(i.wwd_wifi_rrm_request) refers to wwd_wifi.o(i.wwd_wifi_radio_resource_management_beacon_req) for wwd_wifi_radio_resource_management_beacon_req
    wwd_wifi.o(i.wwd_wifi_rrm_request) refers to wwd_wifi.o(i.wwd_wifi_radio_resource_management_link_management_req) for wwd_wifi_radio_resource_management_link_management_req
    wwd_wifi.o(i.wwd_wifi_rrm_request) refers to wwd_wifi.o(.constdata) for .constdata
    wwd_wifi.o(i.wwd_wifi_scan) refers to wwd_sdpcm.o(i.wwd_management_set_event_handler) for wwd_management_set_event_handler
    wwd_wifi.o(i.wwd_wifi_scan) refers to wwd_sdpcm.o(i.wwd_sdpcm_get_iovar_buffer) for wwd_sdpcm_get_iovar_buffer
    wwd_wifi.o(i.wwd_wifi_scan) refers to memseta.o(.text) for __aeabi_memclr4
    wwd_wifi.o(i.wwd_wifi_scan) refers to memmovea.o(.text) for __aeabi_memcpy
    wwd_wifi.o(i.wwd_wifi_scan) refers to wwd_wifi.o(i.wwd_wifi_pno_start) for wwd_wifi_pno_start
    wwd_wifi.o(i.wwd_wifi_scan) refers to wwd_sdpcm.o(i.wwd_sdpcm_send_iovar) for wwd_sdpcm_send_iovar
    wwd_wifi.o(i.wwd_wifi_scan) refers to wwd_wifi.o(i.wwd_scan_events_handler) for wwd_scan_events_handler
    wwd_wifi.o(i.wwd_wifi_scan) refers to wwd_wifi.o(.constdata) for .constdata
    wwd_wifi.o(i.wwd_wifi_scan) refers to wwd_wifi.o(.data) for .data
    wwd_wifi.o(i.wwd_wifi_select_antenna) refers to wwd_wifi.o(i.wwd_wifi_set_ioctl_value) for wwd_wifi_set_ioctl_value
    wwd_wifi.o(i.wwd_wifi_send_action_frame) refers to wwd_sdpcm.o(i.wwd_sdpcm_get_iovar_buffer) for wwd_sdpcm_get_iovar_buffer
    wwd_wifi.o(i.wwd_wifi_send_action_frame) refers to wwd_sdpcm.o(i.wwd_get_bss_index) for wwd_get_bss_index
    wwd_wifi.o(i.wwd_wifi_send_action_frame) refers to memmovea.o(.text) for __aeabi_memcpy4
    wwd_wifi.o(i.wwd_wifi_send_action_frame) refers to wwd_sdpcm.o(i.wwd_sdpcm_send_iovar) for wwd_sdpcm_send_iovar
    wwd_wifi.o(i.wwd_wifi_send_csa) refers to wwd_sdpcm.o(i.wwd_sdpcm_get_iovar_buffer) for wwd_sdpcm_get_iovar_buffer
    wwd_wifi.o(i.wwd_wifi_send_csa) refers to wwd_sdpcm.o(i.wwd_sdpcm_send_iovar) for wwd_sdpcm_send_iovar
    wwd_wifi.o(i.wwd_wifi_set_11n_support) refers to wwd_wifi.o(i.wwd_wifi_set_iovar_value) for wwd_wifi_set_iovar_value
    wwd_wifi.o(i.wwd_wifi_set_band_specific_rate) refers to wwd_sdpcm.o(i.wwd_sdpcm_get_ioctl_buffer) for wwd_sdpcm_get_ioctl_buffer
    wwd_wifi.o(i.wwd_wifi_set_band_specific_rate) refers to wwd_sdpcm.o(i.wwd_sdpcm_send_ioctl) for wwd_sdpcm_send_ioctl
    wwd_wifi.o(i.wwd_wifi_set_band_specific_rate) refers to wwd_buffer.o(i.host_buffer_get_current_piece_data_pointer) for host_buffer_get_current_piece_data_pointer
    wwd_wifi.o(i.wwd_wifi_set_band_specific_rate) refers to wwd_buffer.o(i.host_buffer_release) for host_buffer_release
    wwd_wifi.o(i.wwd_wifi_set_band_specific_rate) refers to wwd_sdpcm.o(i.wwd_sdpcm_get_iovar_buffer) for wwd_sdpcm_get_iovar_buffer
    wwd_wifi.o(i.wwd_wifi_set_band_specific_rate) refers to wwd_sdpcm.o(i.wwd_sdpcm_send_iovar) for wwd_sdpcm_send_iovar
    wwd_wifi.o(i.wwd_wifi_set_cck_dutycycle) refers to wwd_wifi.o(i.wwd_wifi_set_iovar_value) for wwd_wifi_set_iovar_value
    wwd_wifi.o(i.wwd_wifi_set_ccode) refers to strlen.o(.text) for strlen
    wwd_wifi.o(i.wwd_wifi_set_ccode) refers to wwd_sdpcm.o(i.wwd_sdpcm_get_iovar_buffer) for wwd_sdpcm_get_iovar_buffer
    wwd_wifi.o(i.wwd_wifi_set_ccode) refers to wwd_sdpcm.o(i.wwd_sdpcm_send_iovar) for wwd_sdpcm_send_iovar
    wwd_wifi.o(i.wwd_wifi_set_ccode) refers to wwd_internal.o(.data) for wwd_wlan_status
    wwd_wifi.o(i.wwd_wifi_set_channel) refers to wwd_sdpcm.o(i.wwd_sdpcm_get_ioctl_buffer) for wwd_sdpcm_get_ioctl_buffer
    wwd_wifi.o(i.wwd_wifi_set_channel) refers to wwd_sdpcm.o(i.wwd_sdpcm_send_ioctl) for wwd_sdpcm_send_ioctl
    wwd_wifi.o(i.wwd_wifi_set_channel) refers to wwd_sdpcm.o(i.wwd_sdpcm_get_iovar_buffer) for wwd_sdpcm_get_iovar_buffer
    wwd_wifi.o(i.wwd_wifi_set_channel) refers to wwd_sdpcm.o(i.wwd_sdpcm_send_iovar) for wwd_sdpcm_send_iovar
    wwd_wifi.o(i.wwd_wifi_set_channel) refers to wwd_wifi.o(.data) for .data
    wwd_wifi.o(i.wwd_wifi_set_down) refers to printfa.o(i.__0printf) for __2printf
    wwd_wifi.o(i.wwd_wifi_set_down) refers to wwd_wifi.o(i.wwd_wifi_set_ioctl_void) for wwd_wifi_set_ioctl_void
    wwd_wifi.o(i.wwd_wifi_set_down) refers to wwd_internal.o(.data) for wwd_wlan_status
    wwd_wifi.o(i.wwd_wifi_set_flags) refers to wwd_wifi.o(i.wwd_wifi_link_update) for wwd_wifi_link_update
    wwd_wifi.o(i.wwd_wifi_set_flags) refers to wwd_wifi.o(.data) for .data
    wwd_wifi.o(i.wwd_wifi_set_fw_cmd_debug_mode) refers to wwd_sdpcm.o(i.wwd_sdpcm_register_fw_cmd_exit_hook) for wwd_sdpcm_register_fw_cmd_exit_hook
    wwd_wifi.o(i.wwd_wifi_set_fw_cmd_debug_mode) refers to wwd_wifi.o(i.wwd_wifi_fw_cmd_exit_hook) for wwd_wifi_fw_cmd_exit_hook
    wwd_wifi.o(i.wwd_wifi_set_ht_mode) refers to wwd_wifi.o(i.wwd_wifi_set_iovar_value) for wwd_wifi_set_iovar_value
    wwd_wifi.o(i.wwd_wifi_set_ioctl_buffer) refers to wwd_sdpcm.o(i.wwd_sdpcm_get_ioctl_buffer) for wwd_sdpcm_get_ioctl_buffer
    wwd_wifi.o(i.wwd_wifi_set_ioctl_buffer) refers to memmovea.o(.text) for __aeabi_memcpy
    wwd_wifi.o(i.wwd_wifi_set_ioctl_buffer) refers to wwd_sdpcm.o(i.wwd_sdpcm_send_ioctl) for wwd_sdpcm_send_ioctl
    wwd_wifi.o(i.wwd_wifi_set_ioctl_value) refers to wwd_sdpcm.o(i.wwd_sdpcm_get_ioctl_buffer) for wwd_sdpcm_get_ioctl_buffer
    wwd_wifi.o(i.wwd_wifi_set_ioctl_value) refers to wwd_sdpcm.o(i.wwd_sdpcm_send_ioctl) for wwd_sdpcm_send_ioctl
    wwd_wifi.o(i.wwd_wifi_set_ioctl_void) refers to wwd_sdpcm.o(i.wwd_sdpcm_get_ioctl_buffer) for wwd_sdpcm_get_ioctl_buffer
    wwd_wifi.o(i.wwd_wifi_set_ioctl_void) refers to wwd_sdpcm.o(i.wwd_sdpcm_send_ioctl) for wwd_sdpcm_send_ioctl
    wwd_wifi.o(i.wwd_wifi_set_iovar_buffer) refers to wwd_wifi.o(i.wwd_wifi_set_iovar_buffers) for wwd_wifi_set_iovar_buffers
    wwd_wifi.o(i.wwd_wifi_set_iovar_buffers) refers to wwd_sdpcm.o(i.wwd_sdpcm_get_iovar_buffer) for wwd_sdpcm_get_iovar_buffer
    wwd_wifi.o(i.wwd_wifi_set_iovar_buffers) refers to memmovea.o(.text) for __aeabi_memcpy
    wwd_wifi.o(i.wwd_wifi_set_iovar_buffers) refers to wwd_sdpcm.o(i.wwd_sdpcm_send_iovar) for wwd_sdpcm_send_iovar
    wwd_wifi.o(i.wwd_wifi_set_iovar_value) refers to wwd_sdpcm.o(i.wwd_sdpcm_get_iovar_buffer) for wwd_sdpcm_get_iovar_buffer
    wwd_wifi.o(i.wwd_wifi_set_iovar_value) refers to wwd_sdpcm.o(i.wwd_sdpcm_send_iovar) for wwd_sdpcm_send_iovar
    wwd_wifi.o(i.wwd_wifi_set_iovar_void) refers to wwd_sdpcm.o(i.wwd_sdpcm_get_iovar_buffer) for wwd_sdpcm_get_iovar_buffer
    wwd_wifi.o(i.wwd_wifi_set_iovar_void) refers to wwd_sdpcm.o(i.wwd_sdpcm_send_iovar) for wwd_sdpcm_send_iovar
    wwd_wifi.o(i.wwd_wifi_set_legacy_rate) refers to wwd_wifi.o(i.wwd_wifi_set_iovar_value) for wwd_wifi_set_iovar_value
    wwd_wifi.o(i.wwd_wifi_set_listen_interval) refers to wwd_wifi.o(i.wwd_wifi_set_iovar_value) for wwd_wifi_set_iovar_value
    wwd_wifi.o(i.wwd_wifi_set_listen_interval) refers to wwd_wifi.o(i.wwd_wifi_set_listen_interval_assoc) for wwd_wifi_set_listen_interval_assoc
    wwd_wifi.o(i.wwd_wifi_set_listen_interval_assoc) refers to wwd_wifi.o(i.wwd_wifi_set_iovar_value) for wwd_wifi_set_iovar_value
    wwd_wifi.o(i.wwd_wifi_set_mac_address) refers to wwd_sdpcm.o(i.wwd_sdpcm_get_iovar_buffer) for wwd_sdpcm_get_iovar_buffer
    wwd_wifi.o(i.wwd_wifi_set_mac_address) refers to wwd_sdpcm.o(i.wwd_sdpcm_send_iovar) for wwd_sdpcm_send_iovar
    wwd_wifi.o(i.wwd_wifi_set_mac_address) refers to wwd_wifi.o(.data) for .data
    wwd_wifi.o(i.wwd_wifi_set_mcs_rate) refers to wwd_wifi.o(i.wwd_wifi_set_iovar_value) for wwd_wifi_set_iovar_value
    wwd_wifi.o(i.wwd_wifi_set_mcs_rate) refers to wwd_wifi.o(i.wwd_wifi_set_band_specific_rate) for wwd_wifi_set_band_specific_rate
    wwd_wifi.o(i.wwd_wifi_set_ofdm_dutycycle) refers to wwd_wifi.o(i.wwd_wifi_set_iovar_value) for wwd_wifi_set_iovar_value
    wwd_wifi.o(i.wwd_wifi_set_packet_filter_mode) refers to wwd_wifi.o(i.wwd_wifi_set_iovar_value) for wwd_wifi_set_iovar_value
    wwd_wifi.o(i.wwd_wifi_set_passphrase) refers to wwd_sdpcm.o(i.wwd_sdpcm_get_ioctl_buffer) for wwd_sdpcm_get_ioctl_buffer
    wwd_wifi.o(i.wwd_wifi_set_passphrase) refers to memseta.o(.text) for __aeabi_memclr
    wwd_wifi.o(i.wwd_wifi_set_passphrase) refers to memmovea.o(.text) for __aeabi_memcpy
    wwd_wifi.o(i.wwd_wifi_set_passphrase) refers to wwd_rtos.o(i.host_rtos_delay_milliseconds) for host_rtos_delay_milliseconds
    wwd_wifi.o(i.wwd_wifi_set_passphrase) refers to wwd_sdpcm.o(i.wwd_sdpcm_send_ioctl) for wwd_sdpcm_send_ioctl
    wwd_wifi.o(i.wwd_wifi_set_preferred_association_band) refers to wwd_wifi.o(i.wwd_wifi_set_ioctl_value) for wwd_wifi_set_ioctl_value
    wwd_wifi.o(i.wwd_wifi_set_radio_resource_management_capabilities) refers to wwd_wifi.o(i.wwd_wifi_set_iovar_buffer) for wwd_wifi_set_iovar_buffer
    wwd_wifi.o(i.wwd_wifi_set_roam_delta) refers to wwd_wifi.o(i.wwd_wifi_set_ioctl_buffer) for wwd_wifi_set_ioctl_buffer
    wwd_wifi.o(i.wwd_wifi_set_roam_delta_per_band) refers to wwd_wifi.o(i.wwd_wifi_band_to_wlc_band) for wwd_wifi_band_to_wlc_band
    wwd_wifi.o(i.wwd_wifi_set_roam_delta_per_band) refers to wwd_wifi.o(i.wwd_wifi_set_ioctl_buffer) for wwd_wifi_set_ioctl_buffer
    wwd_wifi.o(i.wwd_wifi_set_roam_scan_period) refers to wwd_wifi.o(i.wwd_wifi_set_ioctl_value) for wwd_wifi_set_ioctl_value
    wwd_wifi.o(i.wwd_wifi_set_roam_trigger) refers to wwd_wifi.o(i.wwd_wifi_set_ioctl_buffer) for wwd_wifi_set_ioctl_buffer
    wwd_wifi.o(i.wwd_wifi_set_roam_trigger_per_band) refers to wwd_wifi.o(i.wwd_wifi_band_to_wlc_band) for wwd_wifi_band_to_wlc_band
    wwd_wifi.o(i.wwd_wifi_set_roam_trigger_per_band) refers to wwd_wifi.o(i.wwd_wifi_set_ioctl_buffer) for wwd_wifi_set_ioctl_buffer
    wwd_wifi.o(i.wwd_wifi_set_scan_params) refers to wwd_wifi.o(i.wwd_wifi_set_iovar_value) for wwd_wifi_set_iovar_value
    wwd_wifi.o(i.wwd_wifi_set_scan_suppress) refers to wwd_wifi.o(i.wwd_wifi_set_ioctl_value) for wwd_wifi_set_ioctl_value
    wwd_wifi.o(i.wwd_wifi_set_supplicant_eapol_key_timeout) refers to wwd_sdpcm.o(i.wwd_get_bss_index) for wwd_get_bss_index
    wwd_wifi.o(i.wwd_wifi_set_supplicant_eapol_key_timeout) refers to wwd_sdpcm.o(i.wwd_sdpcm_get_iovar_buffer) for wwd_sdpcm_get_iovar_buffer
    wwd_wifi.o(i.wwd_wifi_set_supplicant_eapol_key_timeout) refers to wwd_sdpcm.o(i.wwd_sdpcm_send_iovar) for wwd_sdpcm_send_iovar
    wwd_wifi.o(i.wwd_wifi_set_tx_power) refers to wwd_wifi.o(i.wwd_wifi_set_iovar_value) for wwd_wifi_set_iovar_value
    wwd_wifi.o(i.wwd_wifi_set_up) refers to wwd_wifi.o(i.wwd_wifi_set_ioctl_void) for wwd_wifi_set_ioctl_void
    wwd_wifi.o(i.wwd_wifi_set_up) refers to printfa.o(i.__0printf) for __2printf
    wwd_wifi.o(i.wwd_wifi_set_up) refers to wwd_internal.o(.data) for wwd_wlan_status
    wwd_wifi.o(i.wwd_wifi_sta_is_only_connected) refers to wwd_wifi.o(i.wwd_wifi_is_ready_to_transceive) for wwd_wifi_is_ready_to_transceive
    wwd_wifi.o(i.wwd_wifi_test_credentials) refers to wwd_rtos.o(i.host_rtos_init_semaphore) for host_rtos_init_semaphore
    wwd_wifi.o(i.wwd_wifi_test_credentials) refers to wwd_wifi.o(i.wwd_wifi_is_ready_to_transceive) for wwd_wifi_is_ready_to_transceive
    wwd_wifi.o(i.wwd_wifi_test_credentials) refers to wwd_wifi.o(i.wwd_wifi_get_channel) for wwd_wifi_get_channel
    wwd_wifi.o(i.wwd_wifi_test_credentials) refers to wwd_wifi.o(i.wwd_wifi_join_specific) for wwd_wifi_join_specific
    wwd_wifi.o(i.wwd_wifi_test_credentials) refers to wwd_rtos.o(i.host_rtos_get_semaphore) for host_rtos_get_semaphore
    wwd_wifi.o(i.wwd_wifi_test_credentials) refers to wwd_wifi.o(i.wwd_wifi_leave) for wwd_wifi_leave
    wwd_wifi.o(i.wwd_wifi_test_credentials) refers to wwd_wifi.o(i.wwd_wifi_set_channel) for wwd_wifi_set_channel
    wwd_wifi.o(i.wwd_wifi_test_credentials) refers to wwd_rtos.o(i.host_rtos_deinit_semaphore) for host_rtos_deinit_semaphore
    wwd_wifi.o(i.wwd_wifi_toggle_packet_filter) refers to wwd_sdpcm.o(i.wwd_sdpcm_get_iovar_buffer) for wwd_sdpcm_get_iovar_buffer
    wwd_wifi.o(i.wwd_wifi_toggle_packet_filter) refers to wwd_sdpcm.o(i.wwd_sdpcm_send_iovar) for wwd_sdpcm_send_iovar
    wwd_wifi.o(i.wwd_wifi_turn_off_roam) refers to wwd_wifi.o(i.wwd_wifi_set_iovar_value) for wwd_wifi_set_iovar_value
    wwd_wifi.o(i.wwd_wifi_unregister_multicast_address) refers to wwd_wifi.o(i.wwd_wifi_unregister_multicast_address_for_interface) for wwd_wifi_unregister_multicast_address_for_interface
    wwd_wifi.o(i.wwd_wifi_unregister_multicast_address_for_interface) refers to wwd_sdpcm.o(i.wwd_sdpcm_get_iovar_buffer) for wwd_sdpcm_get_iovar_buffer
    wwd_wifi.o(i.wwd_wifi_unregister_multicast_address_for_interface) refers to wwd_sdpcm.o(i.wwd_sdpcm_send_iovar) for wwd_sdpcm_send_iovar
    wwd_wifi.o(i.wwd_wifi_unregister_multicast_address_for_interface) refers to wwd_buffer.o(i.host_buffer_get_current_piece_data_pointer) for host_buffer_get_current_piece_data_pointer
    wwd_wifi.o(i.wwd_wifi_unregister_multicast_address_for_interface) refers to memcmp.o(.text) for memcmp
    wwd_wifi.o(i.wwd_wifi_unregister_multicast_address_for_interface) refers to wwd_buffer.o(i.host_buffer_release) for host_buffer_release
    wwd_wifi.o(i.wwd_wifi_unregister_multicast_address_for_interface) refers to memmovea.o(.text) for __aeabi_memcpy
    wwd_wifi.o(i.wwd_wifi_update_tos_map) refers to wwd_wifi.o(i.wwd_wifi_get_acparams_sta) for wwd_wifi_get_acparams_sta
    wwd_wifi.o(i.wwd_wifi_update_tos_map) refers to wwd_wifi.o(.data) for .data
    wwd_wifi.o(i.wwd_xtlv_batch_cmd_buffer) refers to strlen.o(.text) for strlen
    wwd_wifi.o(i.wwd_xtlv_batch_cmd_buffer) refers to wwd_sdpcm.o(i.wwd_sdpcm_get_iovar_buffer) for wwd_sdpcm_get_iovar_buffer
    wwd_wifi.o(i.wwd_xtlv_get_set_data) refers to wwd_wifi.o(i.wwd_xtlv_batch_cmd_buffer) for wwd_xtlv_batch_cmd_buffer
    wwd_wifi.o(i.wwd_xtlv_get_set_data) refers to memmovea.o(.text) for __aeabi_memcpy
    wwd_wifi.o(i.wwd_xtlv_get_set_data) refers to wwd_wifi.o(i.wwd_pack_xtlv) for wwd_pack_xtlv
    wwd_wifi.o(i.wwd_xtlv_get_set_data) refers to wwd_sdpcm.o(i.wwd_sdpcm_send_iovar) for wwd_sdpcm_send_iovar
    wwd_wifi.o(i.wwd_xtlv_get_set_data) refers to wwd_wifi.o(i.wwd_unpack_xtlv) for wwd_unpack_xtlv
    wwd_wifi.o(i.wwd_xtlv_get_set_data) refers to wwd_buffer.o(i.host_buffer_release) for host_buffer_release
    wwd_wifi_chip_common.o(i.wwd_wlan_register_read) refers to wwd_bus_protocol.o(i.wwd_bus_read_backplane_value) for wwd_bus_read_backplane_value
    wwd_wifi_chip_common.o(i.wwd_wlan_register_write) refers to wwd_bus_protocol.o(i.wwd_bus_write_backplane_value) for wwd_bus_write_backplane_value
    wwd_wifi_chip_common.o(i.wwd_wlan_shared_memory_read) refers to wwd_bus_protocol.o(i.wwd_bus_read_backplane_value) for wwd_bus_read_backplane_value
    wwd_wifi_sleep.o(i.ds_state_set) refers to wwd_wifi_sleep.o(.data) for .data
    wwd_wifi_sleep.o(i.wwd_wifi_ds1_disable) refers to wwd_wifi.o(i.wwd_wifi_set_iovar_value) for wwd_wifi_set_iovar_value
    wwd_wifi_sleep.o(i.wwd_wifi_ds1_disable) refers to wwd_wifi_sleep.o(i.wwd_wifi_wowl_disable) for wwd_wifi_wowl_disable
    wwd_wifi_sleep.o(i.wwd_wifi_ds1_finish_wake) refers to wwd_wifi_sleep.o(i.ds_state_set) for ds_state_set
    wwd_wifi_sleep.o(i.wwd_wifi_ds1_finish_wake) refers to wwd_sdpcm.o(i.wwd_sdpcm_bus_vars_init) for wwd_sdpcm_bus_vars_init
    wwd_wifi_sleep.o(i.wwd_wifi_ds1_finish_wake) refers to wwd_wifi_chip_common.o(i.wwd_wlan_bus_complete_ds_wake) for wwd_wlan_bus_complete_ds_wake
    wwd_wifi_sleep.o(i.wwd_wifi_ds1_finish_wake) refers to wwd_bus_protocol.o(i.wwd_bus_reinit) for wwd_bus_reinit
    wwd_wifi_sleep.o(i.wwd_wifi_ds1_finish_wake) refers to wwd_wifi_sleep.o(.data) for .data
    wwd_wifi_sleep.o(i.wwd_wifi_ds1_finish_wake) refers to wwd_wifi_sleep.o(.bss) for .bss
    wwd_wifi_sleep.o(i.wwd_wifi_ds1_get_state) refers to wwd_wifi_sleep.o(.data) for .data
    wwd_wifi_sleep.o(i.wwd_wifi_ds1_get_status_string) refers to wwd_wifi_sleep.o(i.wwd_wifi_ds1_get_state) for wwd_wifi_ds1_get_state
    wwd_wifi_sleep.o(i.wwd_wifi_ds1_get_status_string) refers to printfa.o(i.__0snprintf) for __2snprintf
    wwd_wifi_sleep.o(i.wwd_wifi_ds1_get_status_string) refers to wwd_wifi_sleep.o(.data) for .data
    wwd_wifi_sleep.o(i.wwd_wifi_ds1_set_state_change_callback) refers to wwd_wifi_sleep.o(.data) for .data
    wwd_wifi_sleep.o(i.wwd_wifi_ds1_wake_handle) refers to wwd_sdpcm.o(i.wwd_sdpcm_has_tx_packet) for wwd_sdpcm_has_tx_packet
    wwd_wifi_sleep.o(i.wwd_wifi_ds1_wake_handle) refers to wwd_bus_protocol.o(i.wwd_bus_wake_interrupt_present) for wwd_bus_wake_interrupt_present
    wwd_wifi_sleep.o(i.wwd_wifi_ds1_wake_handle) refers to wwd_wifi_sleep.o(i.wwd_wifi_ds1_finish_wake) for wwd_wifi_ds1_finish_wake
    wwd_wifi_sleep.o(i.wwd_wifi_ds1_wake_handle) refers to wwd_wifi_sleep.o(.data) for .data
    wwd_wifi_sleep.o(i.wwd_wifi_enter_ds1) refers to wwd_wifi.o(i.wwd_wifi_get_iovar_buffer) for wwd_wifi_get_iovar_buffer
    wwd_wifi_sleep.o(i.wwd_wifi_enter_ds1) refers to wwd_sdpcm.o(i.wwd_management_set_event_handler) for wwd_management_set_event_handler
    wwd_wifi_sleep.o(i.wwd_wifi_enter_ds1) refers to wwd_wifi.o(i.wwd_wifi_set_iovar_value) for wwd_wifi_set_iovar_value
    wwd_wifi_sleep.o(i.wwd_wifi_enter_ds1) refers to wwd_wifi_sleep.o(i.ds_state_set) for ds_state_set
    wwd_wifi_sleep.o(i.wwd_wifi_enter_ds1) refers to wwd_wifi_sleep.o(.bss) for .bss
    wwd_wifi_sleep.o(i.wwd_wifi_enter_ds1) refers to wwd_wifi_sleep.o(i.wwd_wifi_event_ulp_handler) for wwd_wifi_event_ulp_handler
    wwd_wifi_sleep.o(i.wwd_wifi_enter_ds1) refers to wwd_wifi_sleep.o(.constdata) for .constdata
    wwd_wifi_sleep.o(i.wwd_wifi_event_ulp_handler) refers to wwd_wifi_sleep.o(i.ds_state_set) for ds_state_set
    wwd_wifi_sleep.o(i.wwd_wifi_wowl_disable) refers to wwd_wifi.o(i.wwd_wifi_set_iovar_buffer) for wwd_wifi_set_iovar_buffer
    wwd_wifi_sleep.o(i.wwd_wifi_wowl_disable) refers to wwd_wifi.o(i.wwd_wifi_set_iovar_value) for wwd_wifi_set_iovar_value
    wwd_wifi_sleep.o(i.wwd_wifi_wowl_enable) refers to wwd_wifi.o(i.wwd_wifi_set_iovar_value) for wwd_wifi_set_iovar_value
    wwd_wifi_sleep.o(i.wwd_wifi_wowl_enable) refers to wwd_wifi.o(i.wwd_wifi_set_iovar_buffer) for wwd_wifi_set_iovar_buffer
    wwd_wifi_sleep.o(i.wwd_wifi_wowl_enable) refers to wwd_wifi.o(i.wwd_wifi_set_iovar_buffers) for wwd_wifi_set_iovar_buffers
    wwd_wifi_sleep.o(i.wwd_wifi_wowl_enable) refers to wwd_wifi_sleep.o(.constdata) for .constdata
    wwd_wifi_sleep.o(.constdata) refers to wwd_wifi_sleep.o(.conststring) for .conststring
    wwd_rtos.o(i.host_rtos_create_configed_thread) refers to wwd_rtos.o(i.host_rtos_create_thread) for host_rtos_create_thread
    wwd_rtos.o(i.host_rtos_create_thread) refers to wwd_rtos.o(i.host_rtos_create_thread_with_arg) for host_rtos_create_thread_with_arg
    wwd_rtos.o(i.host_rtos_create_thread_with_arg) refers to tasks.o(i.xTaskCreate) for xTaskCreate
    wwd_rtos.o(i.host_rtos_deinit_queue) refers to queue.o(i.vQueueDelete) for vQueueDelete
    wwd_rtos.o(i.host_rtos_deinit_semaphore) refers to queue.o(i.vQueueDelete) for vQueueDelete
    wwd_rtos.o(i.host_rtos_delay_milliseconds) refers to tasks.o(i.vTaskDelay) for vTaskDelay
    wwd_rtos.o(i.host_rtos_finish_thread) refers to tasks.o(i.vTaskDelete) for vTaskDelete
    wwd_rtos.o(i.host_rtos_get_semaphore) refers to queue.o(i.xQueueGenericReceive) for xQueueGenericReceive
    wwd_rtos.o(i.host_rtos_get_time) refers to tasks.o(i.xTaskGetTickCount) for xTaskGetTickCount
    wwd_rtos.o(i.host_rtos_init_queue) refers to queue.o(i.xQueueGenericCreate) for xQueueGenericCreate
    wwd_rtos.o(i.host_rtos_init_semaphore) refers to queue.o(i.xQueueCreateCountingSemaphore) for xQueueCreateCountingSemaphore
    wwd_rtos.o(i.host_rtos_join_thread) refers to tasks.o(i.xTaskIsTaskFinished) for xTaskIsTaskFinished
    wwd_rtos.o(i.host_rtos_join_thread) refers to wwd_rtos.o(i.host_rtos_delay_milliseconds) for host_rtos_delay_milliseconds
    wwd_rtos.o(i.host_rtos_pop_from_queue) refers to host_cm7.o(i.host_platform_is_in_interrupt_context) for host_platform_is_in_interrupt_context
    wwd_rtos.o(i.host_rtos_pop_from_queue) refers to queue.o(i.xQueueGenericReceive) for xQueueGenericReceive
    wwd_rtos.o(i.host_rtos_pop_from_queue) refers to queue.o(i.xQueueReceiveFromISR) for xQueueReceiveFromISR
    wwd_rtos.o(i.host_rtos_push_to_queue) refers to host_cm7.o(i.host_platform_is_in_interrupt_context) for host_platform_is_in_interrupt_context
    wwd_rtos.o(i.host_rtos_push_to_queue) refers to queue.o(i.xQueueGenericSend) for xQueueGenericSend
    wwd_rtos.o(i.host_rtos_push_to_queue) refers to queue.o(i.xQueueGenericSendFromISR) for xQueueGenericSendFromISR
    wwd_rtos.o(i.host_rtos_set_semaphore) refers to queue.o(i.xQueueGenericSend) for xQueueGenericSend
    wwd_rtos.o(i.host_rtos_set_semaphore) refers to queue.o(i.xQueueGiveFromISR) for xQueueGiveFromISR
    platform_resource.o(i.resource_free_readonly_buffer) refers to malloc.o(i.free) for free
    platform_resource.o(i.resource_read) refers to memmovea.o(.text) for __aeabi_memcpy
    wwd_resources.o(i.host_platform_resource_read_indirect) refers to memmovea.o(.text) for __aeabi_memcpy
    wwd_resources.o(i.host_platform_resource_read_indirect) refers to platform_resource.o(i.resource_read) for resource_read
    wwd_resources.o(i.host_platform_resource_read_indirect) refers to wwd_resources.o(.constdata) for .constdata
    wwd_resources.o(i.host_platform_resource_read_indirect) refers to 43362a2_bin_1.o(.constdata) for wifi_firmware_image
    wwd_resources.o(i.host_platform_resource_size) refers to 43362a2_bin_1.o(.constdata) for wifi_firmware_image
    wwd_platform_separate_mcu.o(i.host_platform_deinit) refers to wwd_platform_separate_mcu.o(i.host_platform_deinit_wlan_powersave_clock) for host_platform_deinit_wlan_powersave_clock
    wwd_platform_separate_mcu.o(i.host_platform_init) refers to wwd_platform_separate_mcu.o(i.host_platform_deinit_wlan_powersave_clock) for host_platform_deinit_wlan_powersave_clock
    wwd_buffer.o(i.host_buffer_add_application_defined_pool) refers to wwd_buffer.o(.data) for .data
    wwd_buffer.o(i.host_buffer_add_remove_at_front) refers to pbuf.o(i.pbuf_header) for pbuf_header
    wwd_buffer.o(i.host_buffer_check_leaked) refers to memp.o(i.memp_in_use) for memp_in_use
    wwd_buffer.o(i.host_buffer_get) refers to wwd_buffer.o(i.internal_host_buffer_get) for internal_host_buffer_get
    wwd_buffer.o(i.host_buffer_pool_is_full) refers to wwd_buffer.o(i.host_buffer_get) for host_buffer_get
    wwd_buffer.o(i.host_buffer_pool_is_full) refers to wwd_buffer.o(i.host_buffer_release) for host_buffer_release
    wwd_buffer.o(i.host_buffer_release) refers to pbuf.o(i.pbuf_free) for pbuf_free
    wwd_buffer.o(i.internal_host_buffer_get) refers to pbuf.o(i.pbuf_alloc) for pbuf_alloc
    wwd_buffer.o(i.internal_host_buffer_get) refers to memp.o(i.memp_malloc_pool) for memp_malloc_pool
    wwd_buffer.o(i.internal_host_buffer_get) refers to pbuf.o(i.pbuf_alloced_custom) for pbuf_alloced_custom
    wwd_buffer.o(i.internal_host_buffer_get) refers to wwd_rtos.o(i.host_rtos_delay_milliseconds) for host_rtos_delay_milliseconds
    wwd_buffer.o(i.internal_host_buffer_get) refers to wwd_buffer.o(.data) for .data
    wwd_buffer.o(i.internal_host_buffer_get) refers to wwd_buffer.o(i.wiced_pbuf_free) for wiced_pbuf_free
    wwd_buffer.o(i.memp_free_notify) refers to wwd_sdio.o(i.host_platform_bus_buffer_freed) for host_platform_bus_buffer_freed
    wwd_buffer.o(i.wiced_pbuf_free) refers to memp.o(i.memp_free_pool) for memp_free_pool
    wwd_buffer.o(i.wiced_pbuf_free) refers to wwd_buffer.o(.data) for .data
    tlv.o(i.tlv_read_value) refers to tlv.o(i.tlv_find_tlv16) for tlv_find_tlv16
    tlv.o(i.tlv_read_value) refers to memmovea.o(.text) for __aeabi_memcpy
    tlv.o(i.tlv_read_value) refers to tlv.o(i.tlv_hton16_ptr) for tlv_hton16_ptr
    tlv.o(i.tlv_read_value) refers to tlv.o(i.tlv_hton32_ptr) for tlv_hton32_ptr
    tlv.o(i.tlv_write_value) refers to memmovea.o(.text) for __aeabi_memcpy
    tlv.o(i.tlv_write_value) refers to tlv.o(i.tlv_hton16_ptr) for tlv_hton16_ptr
    tlv.o(i.tlv_write_value) refers to tlv.o(i.tlv_hton32_ptr) for tlv_hton32_ptr
    ring_buffer.o(i.ring_buffer_read) refers to ring_buffer.o(i.ring_buffer_used_space) for ring_buffer_used_space
    ring_buffer.o(i.ring_buffer_read) refers to ring_buffer.o(i.ring_buffer_consume) for ring_buffer_consume
    ring_buffer.o(i.ring_buffer_write) refers to memmovea.o(.text) for __aeabi_memcpy
    wiced_lib.o(i.double_to_string) refers to wiced_lib.o(i.signed_to_decimal_string) for signed_to_decimal_string
    wiced_lib.o(i.double_to_string) refers to strcpy.o(.text) for strcpy
    wiced_lib.o(i.float_to_string) refers to wiced_lib.o(i.double_to_string) for double_to_string
    wiced_lib.o(i.generic_string_to_unsigned) refers to strncmp.o(.text) for strncmp
    wiced_lib.o(i.generic_string_to_unsigned) refers to strlen.o(.text) for strlen
    wiced_lib.o(i.generic_string_to_unsigned) refers to wiced_lib.o(i.string_to_unsigned) for string_to_unsigned
    wiced_lib.o(i.is_digit_str) refers to strlen.o(.text) for strlen
    wiced_lib.o(i.signed64_to_decimal_string) refers to wiced_lib.o(i.unsigned64_to_decimal_string) for unsigned64_to_decimal_string
    wiced_lib.o(i.signed_to_decimal_string) refers to wiced_lib.o(i.unsigned_to_decimal_string) for unsigned_to_decimal_string
    wiced_lib.o(i.string_to_signed) refers to wiced_lib.o(i.string_to_generic) for string_to_generic
    wiced_lib.o(i.string_to_unsigned) refers to wiced_lib.o(i.string_to_generic) for string_to_generic
    wiced_lib.o(i.strncasestr) refers to strncasecmp.o(.text) for strncasecmp
    wiced_lib.o(i.strnstrn) refers to strncmp.o(.text) for strncmp
    wiced_lib.o(i.unsigned64_to_decimal_string) refers to uldiv.o(.text) for __aeabi_uldivmod
    wiced_lib.o(i.unsigned64_to_decimal_string) refers to memmovea.o(.text) for __aeabi_memcpy
    wiced_lib.o(i.unsigned_to_decimal_string) refers to memmovea.o(.text) for __aeabi_memcpy
    wiced_lib.o(i.unsigned_to_decimal_string) refers to wiced_lib.o(.constdata) for .constdata
    wiced_lib.o(i.unsigned_to_hex_string) refers to memmovea.o(.text) for __aeabi_memcpy
    wiced_lib.o(i.wiced_ascii_to_hex) refers to strlen.o(.text) for strlen
    wiced_lib.o(i.wiced_ascii_to_hex) refers to strncmp.o(.text) for strncmp
    wiced_lib.o(i.wiced_ascii_to_hex) refers to strtoul.o(.text) for strtoul
    wwd_network.o(i.ethernetif_init) refers to wwd_network.o(i.low_level_init) for low_level_init
    wwd_network.o(i.ethernetif_init) refers to etharp.o(i.etharp_output) for etharp_output
    wwd_network.o(i.ethernetif_init) refers to wwd_network.o(i.low_level_output) for low_level_output
    wwd_network.o(i.host_network_process_ethernet_data) refers to def.o(i.lwip_htons) for lwip_htons
    wwd_network.o(i.host_network_process_ethernet_data) refers to pbuf.o(i.pbuf_free) for pbuf_free
    wwd_network.o(i.host_network_process_ethernet_data) refers to tcpip.o(i.tcpip_input) for tcpip_input
    wwd_network.o(i.host_network_process_ethernet_data) refers to wwd_network.o(.data) for .data
    wwd_network.o(i.host_network_process_ethernet_data) refers to netif.o(.data) for netif_list
    wwd_network.o(i.host_network_set_ethertype_filter) refers to wwd_network.o(.data) for .data
    wwd_network.o(i.low_level_init) refers to wwd_wifi.o(i.wwd_wifi_get_mac_address) for wwd_wifi_get_mac_address
    wwd_network.o(i.low_level_init) refers to wwd_network.o(i.lwip_igmp_mac_filter) for lwip_igmp_mac_filter
    wwd_network.o(i.low_level_output) refers to wwd_wifi.o(i.wwd_wifi_is_ready_to_transceive) for wwd_wifi_is_ready_to_transceive
    wwd_network.o(i.low_level_output) refers to pbuf.o(i.pbuf_ref) for pbuf_ref
    wwd_network.o(i.low_level_output) refers to wwd_sdpcm.o(i.wwd_network_send_ethernet_data) for wwd_network_send_ethernet_data
    wwd_network.o(i.lwip_igmp_mac_filter) refers to wwd_wifi.o(i.wwd_wifi_register_multicast_address) for wwd_wifi_register_multicast_address
    wwd_network.o(i.lwip_igmp_mac_filter) refers to wwd_wifi.o(i.wwd_wifi_unregister_multicast_address) for wwd_wifi_unregister_multicast_address
    wwd_network.o(i.lwip_igmp_mac_filter) refers to wwd_network.o(.constdata) for .constdata
    wiced_crypto.o(i.prng_add_cyclecnt_entropy) refers to wiced_crypto.o(i.prng_is_add_cyclecnt_entropy) for prng_is_add_cyclecnt_entropy
    wiced_crypto.o(i.prng_add_cyclecnt_entropy) refers to host_cm7.o(i.host_platform_get_cycle_count) for host_platform_get_cycle_count
    wiced_crypto.o(i.prng_add_cyclecnt_entropy) refers to wiced_crypto.o(.data) for .data
    wiced_crypto.o(i.prng_is_add_cyclecnt_entropy) refers to wiced_crypto.o(.data) for .data
    wiced_crypto.o(i.prng_well512_add_entropy) refers to wiced_crypto.o(i.crc32_calc) for crc32_calc
    wiced_crypto.o(i.prng_well512_add_entropy) refers to wiced_crypto.o(.bss) for .bss
    wiced_crypto.o(i.prng_well512_get_random) refers to wiced_crypto.o(.bss) for .bss
    wiced_crypto.o(i.prng_well512_get_random) refers to wiced_crypto.o(.data) for .data
    wiced_crypto.o(i.wiced_crypto_add_entropy) refers to wiced_crypto.o(.data) for .data
    wiced_crypto.o(i.wiced_crypto_get_random) refers to wiced_crypto.o(i.prng_add_cyclecnt_entropy) for prng_add_cyclecnt_entropy
    wiced_crypto.o(i.wiced_crypto_get_random) refers to wiced_crypto.o(.data) for .data
    wiced_crypto.o(i.wiced_crypto_prng_add_low_variability_entropy) refers to wiced_crypto.o(i.wiced_crypto_add_entropy) for wiced_crypto_add_entropy
    wiced_crypto.o(i.wiced_crypto_prng_add_low_variability_entropy) refers to wiced_crypto.o(i.wiced_crypto_get_random) for wiced_crypto_get_random
    wiced_crypto.o(i.wiced_crypto_prng_add_low_variability_entropy) refers to wiced_crypto.o(i.wiced_crypto_use_default_prng) for wiced_crypto_use_default_prng
    wiced_crypto.o(i.wiced_crypto_set_current_prng) refers to wiced_crypto.o(i.wiced_crypto_get_random) for wiced_crypto_get_random
    wiced_crypto.o(i.wiced_crypto_set_current_prng) refers to wiced_crypto.o(i.wiced_crypto_add_entropy) for wiced_crypto_add_entropy
    wiced_crypto.o(i.wiced_crypto_set_current_prng) refers to wiced_crypto.o(.data) for .data
    wiced_crypto.o(i.wiced_crypto_set_prng) refers to wiced_crypto.o(.data) for .data
    wiced_crypto.o(i.wiced_crypto_use_default_prng) refers to wiced_crypto.o(i.wiced_crypto_set_current_prng) for wiced_crypto_set_current_prng
    wiced_crypto.o(i.wiced_crypto_use_default_prng) refers to wiced_crypto.o(.data) for .data
    wiced_crypto.o(.data) refers to wiced_crypto.o(i.prng_well512_get_random) for prng_well512_get_random
    wiced_crypto.o(.data) refers to wiced_crypto.o(i.prng_well512_add_entropy) for prng_well512_add_entropy
    wwd_sdio.o(i.BSP_SD_Init) refers to wwd_sdio.o(i.BSP_SD_MspInit) for BSP_SD_MspInit
    wwd_sdio.o(i.BSP_SD_Init) refers to stm32f7xx_hal_sd.o(i.HAL_SD_Init) for HAL_SD_Init
    wwd_sdio.o(i.BSP_SD_Init) refers to stm32f7xx_hal_sd.o(i.HAL_SD_WideBusOperation_Config) for HAL_SD_WideBusOperation_Config
    wwd_sdio.o(i.BSP_SD_Init) refers to wwd_sdio.o(.bss) for .bss
    wwd_sdio.o(i.BSP_SD_MspInit) refers to stm32f7xx_hal_gpio.o(i.HAL_GPIO_Init) for HAL_GPIO_Init
    wwd_sdio.o(i.BSP_SD_MspInit) refers to stm32f7xx_hal_cortex.o(i.HAL_NVIC_SetPriority) for HAL_NVIC_SetPriority
    wwd_sdio.o(i.BSP_SD_MspInit) refers to stm32f7xx_hal_cortex.o(i.HAL_NVIC_EnableIRQ) for HAL_NVIC_EnableIRQ
    wwd_sdio.o(i.BSP_SD_MspInit) refers to stm32f7xx_hal_dma.o(i.HAL_DMA_DeInit) for HAL_DMA_DeInit
    wwd_sdio.o(i.BSP_SD_MspInit) refers to stm32f7xx_hal_dma.o(i.HAL_DMA_Init) for HAL_DMA_Init
    wwd_sdio.o(i.BSP_SD_MspInit) refers to wwd_sdio.o(.bss) for .bss
    wwd_sdio.o(i.SDMMC1_IRQHandler) refers to wwd_rtos.o(i.host_rtos_set_semaphore) for host_rtos_set_semaphore
    wwd_sdio.o(i.SDMMC1_IRQHandler) refers to wwd_thread.o(i.wwd_thread_notify_irq) for wwd_thread_notify_irq
    wwd_sdio.o(i.SDMMC1_IRQHandler) refers to wwd_sdio.o(.data) for .data
    wwd_sdio.o(i.host_enable_oob_interrupt) refers to gpio.o(i.platform_gpio_irq_enable) for platform_gpio_irq_enable
    wwd_sdio.o(i.host_enable_oob_interrupt) refers to wwd_sdio.o(i.sdio_oob_irq_handler) for sdio_oob_irq_handler
    wwd_sdio.o(i.host_enable_oob_interrupt) refers to platform.o(.constdata) for wifi_sdio_pins
    wwd_sdio.o(i.host_platform_bus_deinit) refers to wwd_rtos.o(i.host_rtos_deinit_semaphore) for host_rtos_deinit_semaphore
    wwd_sdio.o(i.host_platform_bus_deinit) refers to platform_init.o(i.platform_mcu_powersave_disable) for platform_mcu_powersave_disable
    wwd_sdio.o(i.host_platform_bus_deinit) refers to wwd_sdio.o(i.sdio_disable_bus_irq) for sdio_disable_bus_irq
    wwd_sdio.o(i.host_platform_bus_deinit) refers to stm32f7xx_ll_sdmmc.o(i.SDMMC_PowerState_OFF) for SDMMC_PowerState_OFF
    wwd_sdio.o(i.host_platform_bus_deinit) refers to gpio.o(i.platform_gpio_deinit) for platform_gpio_deinit
    wwd_sdio.o(i.host_platform_bus_deinit) refers to platform_init.o(i.platform_mcu_powersave_enable) for platform_mcu_powersave_enable
    wwd_sdio.o(i.host_platform_bus_deinit) refers to wwd_sdio.o(.data) for .data
    wwd_sdio.o(i.host_platform_bus_deinit) refers to platform.o(.constdata) for wifi_sdio_pins
    wwd_sdio.o(i.host_platform_bus_init) refers to wwd_sdio.o(i.BSP_SD_Init) for BSP_SD_Init
    wwd_sdio.o(i.host_platform_enable_high_speed_sdio) refers to stm32f7xx_ll_sdmmc.o(i.SDMMC_Init) for SDMMC_Init
    wwd_sdio.o(i.host_platform_sdio_enumerate) refers to wwd_sdio.o(i.host_platform_sdio_transfer) for host_platform_sdio_transfer
    wwd_sdio.o(i.host_platform_sdio_enumerate) refers to wwd_rtos.o(i.host_rtos_delay_milliseconds) for host_rtos_delay_milliseconds
    wwd_sdio.o(i.host_platform_sdio_transfer) refers to platform_init.o(i.platform_mcu_powersave_disable) for platform_mcu_powersave_disable
    wwd_sdio.o(i.host_platform_sdio_transfer) refers to printfa.o(i.__0printf) for __2printf
    wwd_sdio.o(i.host_platform_sdio_transfer) refers to tasks.o(i.vTaskDelay) for vTaskDelay
    wwd_sdio.o(i.host_platform_sdio_transfer) refers to wwd_sdio.o(i.sdio_enable_bus_irq) for sdio_enable_bus_irq
    wwd_sdio.o(i.host_platform_sdio_transfer) refers to wwd_sdio.o(i.find_optimal_block_size) for find_optimal_block_size
    wwd_sdio.o(i.host_platform_sdio_transfer) refers to wwd_sdio.o(i.sdio_prepare_data_transfer) for sdio_prepare_data_transfer
    wwd_sdio.o(i.host_platform_sdio_transfer) refers to wwd_rtos.o(i.host_rtos_get_semaphore) for host_rtos_get_semaphore
    wwd_sdio.o(i.host_platform_sdio_transfer) refers to memmovea.o(.text) for __aeabi_memcpy
    wwd_sdio.o(i.host_platform_sdio_transfer) refers to platform_init.o(i.platform_mcu_powersave_enable) for platform_mcu_powersave_enable
    wwd_sdio.o(i.host_platform_sdio_transfer) refers to wwd_sdio.o(.data) for .data
    wwd_sdio.o(i.sdio_oob_irq_handler) refers to wwd_sdio.o(i.platform_mcu_powersave_exit_notify) for platform_mcu_powersave_exit_notify
    wwd_sdio.o(i.sdio_oob_irq_handler) refers to wwd_thread.o(i.wwd_thread_notify_irq) for wwd_thread_notify_irq
    wwd_sdio.o(i.sdio_prepare_data_transfer) refers to wwd_sdio.o(i.sdio_get_blocksize_dctrl) for sdio_get_blocksize_dctrl
    wwd_sdio.o(i.sdio_prepare_data_transfer) refers to wwd_sdio.o(.data) for .data
    wwd_sdio.o(i.sdio_prepare_data_transfer) refers to wwd_sdio.o(.bss) for .bss
    wwd_sdio.o(i.sdio_prepare_data_transfer) refers to wwd_sdio.o(.constdata) for .constdata
    platform_init.o(i.SD_LowLevel_Init) refers to stm32f7xx_hal_gpio.o(i.HAL_GPIO_Init) for HAL_GPIO_Init
    platform_init.o(i.SD_LowLevel_Init) refers to stm32f7xx_hal_gpio.o(i.HAL_GPIO_WritePin) for HAL_GPIO_WritePin
    platform_init.o(i.platform_init_connectivity_module) refers to wwd_platform_separate_mcu.o(i.host_platform_init) for host_platform_init
    platform_init.o(i.platform_init_mcu_infrastructure) refers to platform_init.o(i.MPU_Config) for MPU_Config
    platform_init.o(i.platform_init_mcu_infrastructure) refers to stm32f7xx_hal_cortex.o(i.HAL_NVIC_SetPriority) for HAL_NVIC_SetPriority
    platform_init.o(i.platform_init_mcu_infrastructure) refers to stm32f7xx_hal_cortex.o(i.HAL_NVIC_SetPriorityGrouping) for HAL_NVIC_SetPriorityGrouping
    platform_init.o(i.platform_init_mcu_infrastructure) refers to low_level_init.o(i.platform_init_rtos_irq_priorities) for platform_init_rtos_irq_priorities
    platform_init.o(i.platform_init_mcu_infrastructure) refers to platform.o(i.platform_init_peripheral_irq_priorities) for platform_init_peripheral_irq_priorities
    platform_init.o(i.platform_init_system_clocks) refers to platform_init.o(i.system_clock_config) for system_clock_config
    platform_gpio.o(i.gpio_peripheral_clocks) refers to platform_gpio.o(i.hal_rcc_gpioa_clock_enable) for hal_rcc_gpioa_clock_enable
    platform_gpio.o(i.gpio_peripheral_clocks) refers to platform_gpio.o(i.hal_rcc_gpiob_clock_enable) for hal_rcc_gpiob_clock_enable
    platform_gpio.o(i.gpio_peripheral_clocks) refers to platform_gpio.o(i.hal_rcc_gpioc_clock_enable) for hal_rcc_gpioc_clock_enable
    platform_gpio.o(i.gpio_peripheral_clocks) refers to platform_gpio.o(i.hal_rcc_gpiod_clock_enable) for hal_rcc_gpiod_clock_enable
    platform_gpio.o(i.gpio_peripheral_clocks) refers to platform_gpio.o(i.hal_rcc_gpioe_clock_enable) for hal_rcc_gpioe_clock_enable
    platform_gpio.o(i.gpio_peripheral_clocks) refers to platform_gpio.o(i.hal_rcc_gpiof_clock_enable) for hal_rcc_gpiof_clock_enable
    platform_gpio.o(i.gpio_peripheral_clocks) refers to platform_gpio.o(i.hal_rcc_gpiog_clock_enable) for hal_rcc_gpiog_clock_enable
    platform_gpio.o(i.gpio_peripheral_clocks) refers to platform_gpio.o(i.hal_rcc_gpioh_clock_enable) for hal_rcc_gpioh_clock_enable
    platform_gpio.o(i.gpio_peripheral_clocks) refers to platform_gpio.o(i.hal_rcc_gpioi_clock_enable) for hal_rcc_gpioi_clock_enable
    platform_gpio.o(i.gpio_peripheral_clocks) refers to platform_gpio.o(i.hal_rcc_gpioj_clock_enable) for hal_rcc_gpioj_clock_enable
    platform_gpio.o(i.gpio_peripheral_clocks) refers to platform_gpio.o(i.hal_rcc_gpiok_clock_enable) for hal_rcc_gpiok_clock_enable
    platform_gpio.o(.constdata) refers to platform_gpio.o(i.hal_rcc_gpioa_clock_enable) for hal_rcc_gpioa_clock_enable
    platform_gpio.o(.constdata) refers to platform_gpio.o(i.hal_rcc_gpiob_clock_enable) for hal_rcc_gpiob_clock_enable
    platform_gpio.o(.constdata) refers to platform_gpio.o(i.hal_rcc_gpioc_clock_enable) for hal_rcc_gpioc_clock_enable
    platform_gpio.o(.constdata) refers to platform_gpio.o(i.hal_rcc_gpiod_clock_enable) for hal_rcc_gpiod_clock_enable
    platform_gpio.o(.constdata) refers to platform_gpio.o(i.hal_rcc_gpioe_clock_enable) for hal_rcc_gpioe_clock_enable
    platform_gpio.o(.constdata) refers to platform_gpio.o(i.hal_rcc_gpiof_clock_enable) for hal_rcc_gpiof_clock_enable
    platform_gpio.o(.constdata) refers to platform_gpio.o(i.hal_rcc_gpiog_clock_enable) for hal_rcc_gpiog_clock_enable
    platform_gpio.o(.constdata) refers to platform_gpio.o(i.hal_rcc_gpioh_clock_enable) for hal_rcc_gpioh_clock_enable
    platform_gpio.o(.constdata) refers to platform_gpio.o(i.hal_rcc_gpioi_clock_enable) for hal_rcc_gpioi_clock_enable
    platform_gpio.o(.constdata) refers to platform_gpio.o(i.hal_rcc_gpioj_clock_enable) for hal_rcc_gpioj_clock_enable
    platform_gpio.o(.constdata) refers to platform_gpio.o(i.hal_rcc_gpiok_clock_enable) for hal_rcc_gpiok_clock_enable
    platform_gpio.o(.constdata) refers to platform_gpio.o(i.hal_rcc_gpioa_clock_disable) for hal_rcc_gpioa_clock_disable
    platform_gpio.o(.constdata) refers to platform_gpio.o(i.hal_rcc_gpiob_clock_disable) for hal_rcc_gpiob_clock_disable
    platform_gpio.o(.constdata) refers to platform_gpio.o(i.hal_rcc_gpioc_clock_disable) for hal_rcc_gpioc_clock_disable
    platform_gpio.o(.constdata) refers to platform_gpio.o(i.hal_rcc_gpiod_clock_disable) for hal_rcc_gpiod_clock_disable
    platform_gpio.o(.constdata) refers to platform_gpio.o(i.hal_rcc_gpioe_clock_disable) for hal_rcc_gpioe_clock_disable
    platform_gpio.o(.constdata) refers to platform_gpio.o(i.hal_rcc_gpiof_clock_disable) for hal_rcc_gpiof_clock_disable
    platform_gpio.o(.constdata) refers to platform_gpio.o(i.hal_rcc_gpiog_clock_disable) for hal_rcc_gpiog_clock_disable
    platform_gpio.o(.constdata) refers to platform_gpio.o(i.hal_rcc_gpioh_clock_disable) for hal_rcc_gpioh_clock_disable
    platform_gpio.o(.constdata) refers to platform_gpio.o(i.hal_rcc_gpioi_clock_disable) for hal_rcc_gpioi_clock_disable
    platform_gpio.o(.constdata) refers to platform_gpio.o(i.hal_rcc_gpioj_clock_disable) for hal_rcc_gpioj_clock_disable
    platform_gpio.o(.constdata) refers to platform_gpio.o(i.hal_rcc_gpiok_clock_disable) for hal_rcc_gpiok_clock_disable
    gpio.o(i.platform_gpio_deinit) refers to platform_gpio.o(i.platform_gpio_get_port_number) for platform_gpio_get_port_number
    gpio.o(i.platform_gpio_deinit) refers to platform_init.o(i.platform_mcu_powersave_disable) for platform_mcu_powersave_disable
    gpio.o(i.platform_gpio_deinit) refers to stm32f7xx_hal_gpio.o(i.HAL_GPIO_DeInit) for HAL_GPIO_DeInit
    gpio.o(i.platform_gpio_deinit) refers to platform_init.o(i.platform_mcu_powersave_enable) for platform_mcu_powersave_enable
    gpio.o(i.platform_gpio_init) refers to platform_gpio.o(i.platform_gpio_get_port_number) for platform_gpio_get_port_number
    gpio.o(i.platform_gpio_init) refers to platform_init.o(i.platform_mcu_powersave_disable) for platform_mcu_powersave_disable
    gpio.o(i.platform_gpio_init) refers to stm32f7xx_hal_gpio.o(i.HAL_GPIO_Init) for HAL_GPIO_Init
    gpio.o(i.platform_gpio_init) refers to platform_init.o(i.platform_mcu_powersave_enable) for platform_mcu_powersave_enable
    gpio.o(i.platform_gpio_init) refers to platform_gpio.o(.constdata) for platform_gpio_clock_enable_function
    gpio.o(i.platform_gpio_input_get) refers to platform_init.o(i.platform_mcu_powersave_disable) for platform_mcu_powersave_disable
    gpio.o(i.platform_gpio_input_get) refers to stm32f7xx_hal_gpio.o(i.HAL_GPIO_ReadPin) for HAL_GPIO_ReadPin
    gpio.o(i.platform_gpio_input_get) refers to platform_init.o(i.platform_mcu_powersave_enable) for platform_mcu_powersave_enable
    gpio.o(i.platform_gpio_irq) refers to gpio.o(.bss) for .bss
    gpio.o(i.platform_gpio_irq_disable) refers to platform_gpio.o(i.platform_gpio_get_port_number) for platform_gpio_get_port_number
    gpio.o(i.platform_gpio_irq_disable) refers to platform_init.o(i.platform_mcu_powersave_disable) for platform_mcu_powersave_disable
    gpio.o(i.platform_gpio_irq_disable) refers to stm32f7xx_hal_gpio.o(i.HAL_GPIO_DeInit) for HAL_GPIO_DeInit
    gpio.o(i.platform_gpio_irq_disable) refers to gpio.o(.bss) for .bss
    gpio.o(i.platform_gpio_irq_enable) refers to platform_gpio.o(i.platform_gpio_get_port_number) for platform_gpio_get_port_number
    gpio.o(i.platform_gpio_irq_enable) refers to platform_init.o(i.platform_mcu_powersave_disable) for platform_mcu_powersave_disable
    gpio.o(i.platform_gpio_irq_enable) refers to stm32f7xx_hal_gpio.o(i.HAL_GPIO_Init) for HAL_GPIO_Init
    gpio.o(i.platform_gpio_irq_enable) refers to platform_init.o(i.platform_mcu_powersave_enable) for platform_mcu_powersave_enable
    gpio.o(i.platform_gpio_irq_enable) refers to platform_gpio.o(.constdata) for platform_gpio_clock_enable_function
    gpio.o(i.platform_gpio_irq_enable) refers to gpio.o(.bss) for .bss
    gpio.o(i.platform_gpio_irq_manager_init) refers to memseta.o(.text) for __aeabi_memclr4
    gpio.o(i.platform_gpio_irq_manager_init) refers to gpio.o(.bss) for .bss
    gpio.o(i.platform_gpio_output_high) refers to platform_init.o(i.platform_mcu_powersave_disable) for platform_mcu_powersave_disable
    gpio.o(i.platform_gpio_output_high) refers to stm32f7xx_hal_gpio.o(i.HAL_GPIO_WritePin) for HAL_GPIO_WritePin
    gpio.o(i.platform_gpio_output_high) refers to platform_init.o(i.platform_mcu_powersave_enable) for platform_mcu_powersave_enable
    gpio.o(i.platform_gpio_output_low) refers to platform_init.o(i.platform_mcu_powersave_disable) for platform_mcu_powersave_disable
    gpio.o(i.platform_gpio_output_low) refers to stm32f7xx_hal_gpio.o(i.HAL_GPIO_WritePin) for HAL_GPIO_WritePin
    gpio.o(i.platform_gpio_output_low) refers to platform_init.o(i.platform_mcu_powersave_enable) for platform_mcu_powersave_enable
    gpio.o(i.platform_gpio_set_alternate_function) refers to platform_gpio.o(i.platform_gpio_get_port_number) for platform_gpio_get_port_number
    gpio.o(i.platform_gpio_set_alternate_function) refers to platform_init.o(i.platform_mcu_powersave_disable) for platform_mcu_powersave_disable
    gpio.o(i.platform_gpio_set_alternate_function) refers to stm32f7xx_hal_gpio.o(i.HAL_GPIO_Init) for HAL_GPIO_Init
    gpio.o(i.platform_gpio_set_alternate_function) refers to platform_init.o(i.platform_mcu_powersave_enable) for platform_mcu_powersave_enable
    gpio.o(i.platform_gpio_set_alternate_function) refers to platform_gpio.o(.constdata) for platform_gpio_clock_enable_function
    cm_backtrace.o(i.cm_backtrace_assert) refers to printfa.o(i.__0printf) for __2printf
    cm_backtrace.o(i.cm_backtrace_assert) refers to cm_backtrace.o(i.cm_backtrace_firmware_info) for cm_backtrace_firmware_info
    cm_backtrace.o(i.cm_backtrace_assert) refers to cm_backtrace.o(i.dump_stack) for dump_stack
    cm_backtrace.o(i.cm_backtrace_assert) refers to cm_backtrace.o(i.print_call_stack) for print_call_stack
    cm_backtrace.o(i.cm_backtrace_assert) refers to cm_backtrace.o(.data) for .data
    cm_backtrace.o(i.cm_backtrace_assert) refers to cm_backtrace.o(.constdata) for .constdata
    cm_backtrace.o(i.cm_backtrace_call_stack) refers to cm_backtrace.o(.data) for .data
    cm_backtrace.o(i.cm_backtrace_call_stack) refers to cm_backtrace.o(.bss) for .bss
    cm_backtrace.o(i.cm_backtrace_fault) refers to printfa.o(i.__0printf) for __2printf
    cm_backtrace.o(i.cm_backtrace_fault) refers to cm_backtrace.o(i.cm_backtrace_firmware_info) for cm_backtrace_firmware_info
    cm_backtrace.o(i.cm_backtrace_fault) refers to cm_backtrace.o(i.statck_del_fpu_regs) for statck_del_fpu_regs
    cm_backtrace.o(i.cm_backtrace_fault) refers to cm_backtrace.o(i.dump_stack) for dump_stack
    cm_backtrace.o(i.cm_backtrace_fault) refers to cm_backtrace.o(i.fault_diagnosis) for fault_diagnosis
    cm_backtrace.o(i.cm_backtrace_fault) refers to cm_backtrace.o(i.print_call_stack) for print_call_stack
    cm_backtrace.o(i.cm_backtrace_fault) refers to cm_backtrace.o(.constdata) for .constdata
    cm_backtrace.o(i.cm_backtrace_fault) refers to cm_backtrace.o(.data) for .data
    cm_backtrace.o(i.cm_backtrace_fault) refers to cm_backtrace.o(.bss) for .bss
    cm_backtrace.o(i.cm_backtrace_firmware_info) refers to printfa.o(i.__0printf) for __2printf
    cm_backtrace.o(i.cm_backtrace_firmware_info) refers to cm_backtrace.o(.constdata) for .constdata
    cm_backtrace.o(i.cm_backtrace_firmware_info) refers to cm_backtrace.o(.bss) for .bss
    cm_backtrace.o(i.cm_backtrace_init) refers to strncpy.o(.text) for strncpy
    cm_backtrace.o(i.cm_backtrace_init) refers to cm_backtrace.o(.bss) for .bss
    cm_backtrace.o(i.cm_backtrace_init) refers to cm_backtrace.o(.data) for .data
    cm_backtrace.o(i.dump_stack) refers to printfa.o(i.__0printf) for __2printf
    cm_backtrace.o(i.dump_stack) refers to cm_backtrace.o(.data) for .data
    cm_backtrace.o(i.dump_stack) refers to cm_backtrace.o(.constdata) for .constdata
    cm_backtrace.o(i.fault_diagnosis) refers to printfa.o(i.__0printf) for __2printf
    cm_backtrace.o(i.fault_diagnosis) refers to cm_backtrace.o(.bss) for .bss
    cm_backtrace.o(i.fault_diagnosis) refers to cm_backtrace.o(.constdata) for .constdata
    cm_backtrace.o(i.print_call_stack) refers to cm_backtrace.o(i.cm_backtrace_call_stack) for cm_backtrace_call_stack
    cm_backtrace.o(i.print_call_stack) refers to printfa.o(i.__0sprintf) for __2sprintf
    cm_backtrace.o(i.print_call_stack) refers to printfa.o(i.__0printf) for __2printf
    cm_backtrace.o(i.print_call_stack) refers to cm_backtrace.o(.bss) for .bss
    cm_backtrace.o(i.print_call_stack) refers to cm_backtrace.o(.constdata) for .constdata
    cm_backtrace.o(i.statck_del_fpu_regs) refers to cm_backtrace.o(.data) for .data
    cm_backtrace.o(.constdata) refers to cm_backtrace.o(.conststring) for .conststring
    cmb_fault.o(.text) refers to cm_backtrace.o(i.cm_backtrace_fault) for cm_backtrace_fault
    entry.o(.ARM.Collect$$$$00000000) refers (Special) to entry10a.o(.ARM.Collect$$$$0000000D) for __rt_final_cpp
    entry.o(.ARM.Collect$$$$00000000) refers (Special) to entry11a.o(.ARM.Collect$$$$0000000F) for __rt_final_exit
    entry.o(.ARM.Collect$$$$00000000) refers (Special) to entry7b.o(.ARM.Collect$$$$00000008) for _main_clock
    entry.o(.ARM.Collect$$$$00000000) refers (Special) to entry8b.o(.ARM.Collect$$$$0000000A) for _main_cpp_init
    entry.o(.ARM.Collect$$$$00000000) refers (Special) to entry9a.o(.ARM.Collect$$$$0000000B) for _main_init
    entry.o(.ARM.Collect$$$$00000000) refers (Special) to entry5.o(.ARM.Collect$$$$00000004) for _main_scatterload
    entry.o(.ARM.Collect$$$$00000000) refers (Special) to entry2.o(.ARM.Collect$$$$00000001) for _main_stk
    uldiv.o(.text) refers to llushr.o(.text) for __aeabi_llsr
    uldiv.o(.text) refers to llshl.o(.text) for __aeabi_llsl
    strncasecmp.o(.text) refers to tolower.o(.text) for tolower
    printfb.o(i.__0fprintf$bare) refers to printfb.o(i._printf_core) for _printf_core
    printfb.o(i.__0fprintf$bare) refers to bsp_debug_usart.o(i.fputc) for fputc
    printfb.o(i.__0printf$bare) refers to printfb.o(i._printf_core) for _printf_core
    printfb.o(i.__0printf$bare) refers to bsp_debug_usart.o(i.fputc) for fputc
    printfb.o(i.__0printf$bare) refers to stdout.o(.data) for __stdout
    printfb.o(i.__0snprintf$bare) refers to printfb.o(i._printf_core) for _printf_core
    printfb.o(i.__0snprintf$bare) refers to printfb.o(i._snputc) for _snputc
    printfb.o(i.__0sprintf$bare) refers to printfb.o(i._printf_core) for _printf_core
    printfb.o(i.__0sprintf$bare) refers to printfb.o(i._sputc) for _sputc
    printfb.o(i.__0vfprintf$bare) refers to printfb.o(i._printf_core) for _printf_core
    printfb.o(i.__0vfprintf$bare) refers to bsp_debug_usart.o(i.fputc) for fputc
    printfb.o(i.__0vprintf$bare) refers to printfb.o(i._printf_core) for _printf_core
    printfb.o(i.__0vprintf$bare) refers to bsp_debug_usart.o(i.fputc) for fputc
    printfb.o(i.__0vprintf$bare) refers to stdout.o(.data) for __stdout
    printfb.o(i.__0vsnprintf$bare) refers to printfb.o(i._printf_core) for _printf_core
    printfb.o(i.__0vsnprintf$bare) refers to printfb.o(i._snputc) for _snputc
    printfb.o(i.__0vsprintf$bare) refers to printfb.o(i._printf_core) for _printf_core
    printfb.o(i.__0vsprintf$bare) refers to printfb.o(i._sputc) for _sputc
    printf0.o(i.__0fprintf$0) refers to printf0.o(i._printf_core) for _printf_core
    printf0.o(i.__0fprintf$0) refers to bsp_debug_usart.o(i.fputc) for fputc
    printf0.o(i.__0printf$0) refers to printf0.o(i._printf_core) for _printf_core
    printf0.o(i.__0printf$0) refers to bsp_debug_usart.o(i.fputc) for fputc
    printf0.o(i.__0printf$0) refers to stdout.o(.data) for __stdout
    printf0.o(i.__0snprintf$0) refers to printf0.o(i._printf_core) for _printf_core
    printf0.o(i.__0snprintf$0) refers to printf0.o(i._snputc) for _snputc
    printf0.o(i.__0sprintf$0) refers to printf0.o(i._printf_core) for _printf_core
    printf0.o(i.__0sprintf$0) refers to printf0.o(i._sputc) for _sputc
    printf0.o(i.__0vfprintf$0) refers to printf0.o(i._printf_core) for _printf_core
    printf0.o(i.__0vfprintf$0) refers to bsp_debug_usart.o(i.fputc) for fputc
    printf0.o(i.__0vprintf$0) refers to printf0.o(i._printf_core) for _printf_core
    printf0.o(i.__0vprintf$0) refers to bsp_debug_usart.o(i.fputc) for fputc
    printf0.o(i.__0vprintf$0) refers to stdout.o(.data) for __stdout
    printf0.o(i.__0vsnprintf$0) refers to printf0.o(i._printf_core) for _printf_core
    printf0.o(i.__0vsnprintf$0) refers to printf0.o(i._snputc) for _snputc
    printf0.o(i.__0vsprintf$0) refers to printf0.o(i._printf_core) for _printf_core
    printf0.o(i.__0vsprintf$0) refers to printf0.o(i._sputc) for _sputc
    printf1.o(i.__0fprintf$1) refers to printf1.o(i._printf_core) for _printf_core
    printf1.o(i.__0fprintf$1) refers to bsp_debug_usart.o(i.fputc) for fputc
    printf1.o(i.__0printf$1) refers to printf1.o(i._printf_core) for _printf_core
    printf1.o(i.__0printf$1) refers to bsp_debug_usart.o(i.fputc) for fputc
    printf1.o(i.__0printf$1) refers to stdout.o(.data) for __stdout
    printf1.o(i.__0snprintf$1) refers to printf1.o(i._printf_core) for _printf_core
    printf1.o(i.__0snprintf$1) refers to printf1.o(i._snputc) for _snputc
    printf1.o(i.__0sprintf$1) refers to printf1.o(i._printf_core) for _printf_core
    printf1.o(i.__0sprintf$1) refers to printf1.o(i._sputc) for _sputc
    printf1.o(i.__0vfprintf$1) refers to printf1.o(i._printf_core) for _printf_core
    printf1.o(i.__0vfprintf$1) refers to bsp_debug_usart.o(i.fputc) for fputc
    printf1.o(i.__0vprintf$1) refers to printf1.o(i._printf_core) for _printf_core
    printf1.o(i.__0vprintf$1) refers to bsp_debug_usart.o(i.fputc) for fputc
    printf1.o(i.__0vprintf$1) refers to stdout.o(.data) for __stdout
    printf1.o(i.__0vsnprintf$1) refers to printf1.o(i._printf_core) for _printf_core
    printf1.o(i.__0vsnprintf$1) refers to printf1.o(i._snputc) for _snputc
    printf1.o(i.__0vsprintf$1) refers to printf1.o(i._printf_core) for _printf_core
    printf1.o(i.__0vsprintf$1) refers to printf1.o(i._sputc) for _sputc
    printf1.o(i._printf_core) refers to uidiv.o(.text) for __aeabi_uidivmod
    printf2.o(i.__0fprintf$2) refers to printf2.o(i._printf_core) for _printf_core
    printf2.o(i.__0fprintf$2) refers to bsp_debug_usart.o(i.fputc) for fputc
    printf2.o(i.__0printf$2) refers to printf2.o(i._printf_core) for _printf_core
    printf2.o(i.__0printf$2) refers to bsp_debug_usart.o(i.fputc) for fputc
    printf2.o(i.__0printf$2) refers to stdout.o(.data) for __stdout
    printf2.o(i.__0snprintf$2) refers to printf2.o(i._printf_core) for _printf_core
    printf2.o(i.__0snprintf$2) refers to printf2.o(i._snputc) for _snputc
    printf2.o(i.__0sprintf$2) refers to printf2.o(i._printf_core) for _printf_core
    printf2.o(i.__0sprintf$2) refers to printf2.o(i._sputc) for _sputc
    printf2.o(i.__0vfprintf$2) refers to printf2.o(i._printf_core) for _printf_core
    printf2.o(i.__0vfprintf$2) refers to bsp_debug_usart.o(i.fputc) for fputc
    printf2.o(i.__0vprintf$2) refers to printf2.o(i._printf_core) for _printf_core
    printf2.o(i.__0vprintf$2) refers to bsp_debug_usart.o(i.fputc) for fputc
    printf2.o(i.__0vprintf$2) refers to stdout.o(.data) for __stdout
    printf2.o(i.__0vsnprintf$2) refers to printf2.o(i._printf_core) for _printf_core
    printf2.o(i.__0vsnprintf$2) refers to printf2.o(i._snputc) for _snputc
    printf2.o(i.__0vsprintf$2) refers to printf2.o(i._printf_core) for _printf_core
    printf2.o(i.__0vsprintf$2) refers to printf2.o(i._sputc) for _sputc
    printf3.o(i.__0fprintf$3) refers to printf3.o(i._printf_core) for _printf_core
    printf3.o(i.__0fprintf$3) refers to bsp_debug_usart.o(i.fputc) for fputc
    printf3.o(i.__0printf$3) refers to printf3.o(i._printf_core) for _printf_core
    printf3.o(i.__0printf$3) refers to bsp_debug_usart.o(i.fputc) for fputc
    printf3.o(i.__0printf$3) refers to stdout.o(.data) for __stdout
    printf3.o(i.__0snprintf$3) refers to printf3.o(i._printf_core) for _printf_core
    printf3.o(i.__0snprintf$3) refers to printf3.o(i._snputc) for _snputc
    printf3.o(i.__0sprintf$3) refers to printf3.o(i._printf_core) for _printf_core
    printf3.o(i.__0sprintf$3) refers to printf3.o(i._sputc) for _sputc
    printf3.o(i.__0vfprintf$3) refers to printf3.o(i._printf_core) for _printf_core
    printf3.o(i.__0vfprintf$3) refers to bsp_debug_usart.o(i.fputc) for fputc
    printf3.o(i.__0vprintf$3) refers to printf3.o(i._printf_core) for _printf_core
    printf3.o(i.__0vprintf$3) refers to bsp_debug_usart.o(i.fputc) for fputc
    printf3.o(i.__0vprintf$3) refers to stdout.o(.data) for __stdout
    printf3.o(i.__0vsnprintf$3) refers to printf3.o(i._printf_core) for _printf_core
    printf3.o(i.__0vsnprintf$3) refers to printf3.o(i._snputc) for _snputc
    printf3.o(i.__0vsprintf$3) refers to printf3.o(i._printf_core) for _printf_core
    printf3.o(i.__0vsprintf$3) refers to printf3.o(i._sputc) for _sputc
    printf3.o(i._printf_core) refers to uidiv.o(.text) for __aeabi_uidivmod
    printf4.o(i.__0fprintf$4) refers to printf4.o(i._printf_core) for _printf_core
    printf4.o(i.__0fprintf$4) refers to bsp_debug_usart.o(i.fputc) for fputc
    printf4.o(i.__0printf$4) refers to printf4.o(i._printf_core) for _printf_core
    printf4.o(i.__0printf$4) refers to bsp_debug_usart.o(i.fputc) for fputc
    printf4.o(i.__0printf$4) refers to stdout.o(.data) for __stdout
    printf4.o(i.__0snprintf$4) refers to printf4.o(i._printf_core) for _printf_core
    printf4.o(i.__0snprintf$4) refers to printf4.o(i._snputc) for _snputc
    printf4.o(i.__0sprintf$4) refers to printf4.o(i._printf_core) for _printf_core
    printf4.o(i.__0sprintf$4) refers to printf4.o(i._sputc) for _sputc
    printf4.o(i.__0vfprintf$4) refers to printf4.o(i._printf_core) for _printf_core
    printf4.o(i.__0vfprintf$4) refers to bsp_debug_usart.o(i.fputc) for fputc
    printf4.o(i.__0vprintf$4) refers to printf4.o(i._printf_core) for _printf_core
    printf4.o(i.__0vprintf$4) refers to bsp_debug_usart.o(i.fputc) for fputc
    printf4.o(i.__0vprintf$4) refers to stdout.o(.data) for __stdout
    printf4.o(i.__0vsnprintf$4) refers to printf4.o(i._printf_core) for _printf_core
    printf4.o(i.__0vsnprintf$4) refers to printf4.o(i._snputc) for _snputc
    printf4.o(i.__0vsprintf$4) refers to printf4.o(i._printf_core) for _printf_core
    printf4.o(i.__0vsprintf$4) refers to printf4.o(i._sputc) for _sputc
    printf4.o(i._printf_core) refers to uldiv.o(.text) for __aeabi_uldivmod
    printf5.o(i.__0fprintf$5) refers to printf5.o(i._printf_core) for _printf_core
    printf5.o(i.__0fprintf$5) refers to bsp_debug_usart.o(i.fputc) for fputc
    printf5.o(i.__0printf$5) refers to printf5.o(i._printf_core) for _printf_core
    printf5.o(i.__0printf$5) refers to bsp_debug_usart.o(i.fputc) for fputc
    printf5.o(i.__0printf$5) refers to stdout.o(.data) for __stdout
    printf5.o(i.__0snprintf$5) refers to printf5.o(i._printf_core) for _printf_core
    printf5.o(i.__0snprintf$5) refers to printf5.o(i._snputc) for _snputc
    printf5.o(i.__0sprintf$5) refers to printf5.o(i._printf_core) for _printf_core
    printf5.o(i.__0sprintf$5) refers to printf5.o(i._sputc) for _sputc
    printf5.o(i.__0vfprintf$5) refers to printf5.o(i._printf_core) for _printf_core
    printf5.o(i.__0vfprintf$5) refers to bsp_debug_usart.o(i.fputc) for fputc
    printf5.o(i.__0vprintf$5) refers to printf5.o(i._printf_core) for _printf_core
    printf5.o(i.__0vprintf$5) refers to bsp_debug_usart.o(i.fputc) for fputc
    printf5.o(i.__0vprintf$5) refers to stdout.o(.data) for __stdout
    printf5.o(i.__0vsnprintf$5) refers to printf5.o(i._printf_core) for _printf_core
    printf5.o(i.__0vsnprintf$5) refers to printf5.o(i._snputc) for _snputc
    printf5.o(i.__0vsprintf$5) refers to printf5.o(i._printf_core) for _printf_core
    printf5.o(i.__0vsprintf$5) refers to printf5.o(i._sputc) for _sputc
    printf5.o(i._printf_core) refers to uldiv.o(.text) for __aeabi_uldivmod
    printf6.o(i.__0fprintf$6) refers to printf6.o(i._printf_core) for _printf_core
    printf6.o(i.__0fprintf$6) refers to bsp_debug_usart.o(i.fputc) for fputc
    printf6.o(i.__0printf$6) refers to printf6.o(i._printf_core) for _printf_core
    printf6.o(i.__0printf$6) refers to bsp_debug_usart.o(i.fputc) for fputc
    printf6.o(i.__0printf$6) refers to stdout.o(.data) for __stdout
    printf6.o(i.__0snprintf$6) refers to printf6.o(i._printf_core) for _printf_core
    printf6.o(i.__0snprintf$6) refers to printf6.o(i._snputc) for _snputc
    printf6.o(i.__0sprintf$6) refers to printf6.o(i._printf_core) for _printf_core
    printf6.o(i.__0sprintf$6) refers to printf6.o(i._sputc) for _sputc
    printf6.o(i.__0vfprintf$6) refers to printf6.o(i._printf_core) for _printf_core
    printf6.o(i.__0vfprintf$6) refers to bsp_debug_usart.o(i.fputc) for fputc
    printf6.o(i.__0vprintf$6) refers to printf6.o(i._printf_core) for _printf_core
    printf6.o(i.__0vprintf$6) refers to bsp_debug_usart.o(i.fputc) for fputc
    printf6.o(i.__0vprintf$6) refers to stdout.o(.data) for __stdout
    printf6.o(i.__0vsnprintf$6) refers to printf6.o(i._printf_core) for _printf_core
    printf6.o(i.__0vsnprintf$6) refers to printf6.o(i._snputc) for _snputc
    printf6.o(i.__0vsprintf$6) refers to printf6.o(i._printf_core) for _printf_core
    printf6.o(i.__0vsprintf$6) refers to printf6.o(i._sputc) for _sputc
    printf6.o(i._printf_core) refers to printf6.o(i._printf_pre_padding) for _printf_pre_padding
    printf6.o(i._printf_core) refers to uidiv.o(.text) for __aeabi_uidivmod
    printf6.o(i._printf_core) refers to printf6.o(i._printf_post_padding) for _printf_post_padding
    printf7.o(i.__0fprintf$7) refers to printf7.o(i._printf_core) for _printf_core
    printf7.o(i.__0fprintf$7) refers to bsp_debug_usart.o(i.fputc) for fputc
    printf7.o(i.__0printf$7) refers to printf7.o(i._printf_core) for _printf_core
    printf7.o(i.__0printf$7) refers to bsp_debug_usart.o(i.fputc) for fputc
    printf7.o(i.__0printf$7) refers to stdout.o(.data) for __stdout
    printf7.o(i.__0snprintf$7) refers to printf7.o(i._printf_core) for _printf_core
    printf7.o(i.__0snprintf$7) refers to printf7.o(i._snputc) for _snputc
    printf7.o(i.__0sprintf$7) refers to printf7.o(i._printf_core) for _printf_core
    printf7.o(i.__0sprintf$7) refers to printf7.o(i._sputc) for _sputc
    printf7.o(i.__0vfprintf$7) refers to printf7.o(i._printf_core) for _printf_core
    printf7.o(i.__0vfprintf$7) refers to bsp_debug_usart.o(i.fputc) for fputc
    printf7.o(i.__0vprintf$7) refers to printf7.o(i._printf_core) for _printf_core
    printf7.o(i.__0vprintf$7) refers to bsp_debug_usart.o(i.fputc) for fputc
    printf7.o(i.__0vprintf$7) refers to stdout.o(.data) for __stdout
    printf7.o(i.__0vsnprintf$7) refers to printf7.o(i._printf_core) for _printf_core
    printf7.o(i.__0vsnprintf$7) refers to printf7.o(i._snputc) for _snputc
    printf7.o(i.__0vsprintf$7) refers to printf7.o(i._printf_core) for _printf_core
    printf7.o(i.__0vsprintf$7) refers to printf7.o(i._sputc) for _sputc
    printf7.o(i._printf_core) refers to printf7.o(i._printf_pre_padding) for _printf_pre_padding
    printf7.o(i._printf_core) refers to uldiv.o(.text) for __aeabi_uldivmod
    printf7.o(i._printf_core) refers to printf7.o(i._printf_post_padding) for _printf_post_padding
    printf8.o(i.__0fprintf$8) refers to printf8.o(i._printf_core) for _printf_core
    printf8.o(i.__0fprintf$8) refers to bsp_debug_usart.o(i.fputc) for fputc
    printf8.o(i.__0printf$8) refers to printf8.o(i._printf_core) for _printf_core
    printf8.o(i.__0printf$8) refers to bsp_debug_usart.o(i.fputc) for fputc
    printf8.o(i.__0printf$8) refers to stdout.o(.data) for __stdout
    printf8.o(i.__0snprintf$8) refers to printf8.o(i._printf_core) for _printf_core
    printf8.o(i.__0snprintf$8) refers to printf8.o(i._snputc) for _snputc
    printf8.o(i.__0sprintf$8) refers to printf8.o(i._printf_core) for _printf_core
    printf8.o(i.__0sprintf$8) refers to printf8.o(i._sputc) for _sputc
    printf8.o(i.__0vfprintf$8) refers to printf8.o(i._printf_core) for _printf_core
    printf8.o(i.__0vfprintf$8) refers to bsp_debug_usart.o(i.fputc) for fputc
    printf8.o(i.__0vprintf$8) refers to printf8.o(i._printf_core) for _printf_core
    printf8.o(i.__0vprintf$8) refers to bsp_debug_usart.o(i.fputc) for fputc
    printf8.o(i.__0vprintf$8) refers to stdout.o(.data) for __stdout
    printf8.o(i.__0vsnprintf$8) refers to printf8.o(i._printf_core) for _printf_core
    printf8.o(i.__0vsnprintf$8) refers to printf8.o(i._snputc) for _snputc
    printf8.o(i.__0vsprintf$8) refers to printf8.o(i._printf_core) for _printf_core
    printf8.o(i.__0vsprintf$8) refers to printf8.o(i._sputc) for _sputc
    printf8.o(i._printf_core) refers to printf8.o(i._printf_pre_padding) for _printf_pre_padding
    printf8.o(i._printf_core) refers to uldiv.o(.text) for __aeabi_uldivmod
    printf8.o(i._printf_core) refers to printf8.o(i._printf_post_padding) for _printf_post_padding
    printfa.o(i.__0fprintf) refers (Special) to iusefp.o(.text) for __I$use$fp
    printfa.o(i.__0fprintf) refers to printfa.o(i._printf_core) for _printf_core
    printfa.o(i.__0fprintf) refers to bsp_debug_usart.o(i.fputc) for fputc
    printfa.o(i.__0printf) refers (Special) to iusefp.o(.text) for __I$use$fp
    printfa.o(i.__0printf) refers to printfa.o(i._printf_core) for _printf_core
    printfa.o(i.__0printf) refers to bsp_debug_usart.o(i.fputc) for fputc
    printfa.o(i.__0printf) refers to stdout.o(.data) for __stdout
    printfa.o(i.__0snprintf) refers (Special) to iusefp.o(.text) for __I$use$fp
    printfa.o(i.__0snprintf) refers to printfa.o(i._printf_core) for _printf_core
    printfa.o(i.__0snprintf) refers to printfa.o(i._snputc) for _snputc
    printfa.o(i.__0sprintf) refers (Special) to iusefp.o(.text) for __I$use$fp
    printfa.o(i.__0sprintf) refers to printfa.o(i._printf_core) for _printf_core
    printfa.o(i.__0sprintf) refers to printfa.o(i._sputc) for _sputc
    printfa.o(i.__0vfprintf) refers (Special) to iusefp.o(.text) for __I$use$fp
    printfa.o(i.__0vfprintf) refers to printfa.o(i._printf_core) for _printf_core
    printfa.o(i.__0vfprintf) refers to bsp_debug_usart.o(i.fputc) for fputc
    printfa.o(i.__0vprintf) refers (Special) to iusefp.o(.text) for __I$use$fp
    printfa.o(i.__0vprintf) refers to printfa.o(i._printf_core) for _printf_core
    printfa.o(i.__0vprintf) refers to bsp_debug_usart.o(i.fputc) for fputc
    printfa.o(i.__0vprintf) refers to stdout.o(.data) for __stdout
    printfa.o(i.__0vsnprintf) refers (Special) to iusefp.o(.text) for __I$use$fp
    printfa.o(i.__0vsnprintf) refers to printfa.o(i._printf_core) for _printf_core
    printfa.o(i.__0vsnprintf) refers to printfa.o(i._snputc) for _snputc
    printfa.o(i.__0vsprintf) refers (Special) to iusefp.o(.text) for __I$use$fp
    printfa.o(i.__0vsprintf) refers to printfa.o(i._printf_core) for _printf_core
    printfa.o(i.__0vsprintf) refers to printfa.o(i._sputc) for _sputc
    printfa.o(i._fp_digits) refers (Special) to iusefp.o(.text) for __I$use$fp
    printfa.o(i._fp_digits) refers to dmul.o(.text) for __aeabi_dmul
    printfa.o(i._fp_digits) refers to ddiv.o(.text) for __aeabi_ddiv
    printfa.o(i._fp_digits) refers to cdrcmple.o(.text) for __aeabi_cdrcmple
    printfa.o(i._fp_digits) refers to dadd.o(.text) for __aeabi_dadd
    printfa.o(i._fp_digits) refers to dfixul.o(.text) for __aeabi_d2ulz
    printfa.o(i._fp_digits) refers to uldiv.o(.text) for __aeabi_uldivmod
    printfa.o(i._printf_core) refers (Special) to iusefp.o(.text) for __I$use$fp
    printfa.o(i._printf_core) refers to printfa.o(i._printf_pre_padding) for _printf_pre_padding
    printfa.o(i._printf_core) refers to uldiv.o(.text) for __aeabi_uldivmod
    printfa.o(i._printf_core) refers to printfa.o(i._printf_post_padding) for _printf_post_padding
    printfa.o(i._printf_core) refers to printfa.o(i._fp_digits) for _fp_digits
    printfa.o(i._printf_core) refers to uidiv.o(.text) for __aeabi_uidivmod
    printfa.o(i._printf_post_padding) refers (Special) to iusefp.o(.text) for __I$use$fp
    printfa.o(i._printf_pre_padding) refers (Special) to iusefp.o(.text) for __I$use$fp
    printfa.o(i._snputc) refers (Special) to iusefp.o(.text) for __I$use$fp
    printfa.o(i._sputc) refers (Special) to iusefp.o(.text) for __I$use$fp
    malloc.o(i.free) refers to mvars.o(.data) for __microlib_freelist
    malloc.o(i.malloc) refers to mvars.o(.data) for __microlib_freelist_initialised
    malloc.o(i.malloc) refers to mvars.o(.data) for __microlib_freelist
    malloc.o(i.malloc) refers to startup_stm32f767xx.o(HEAP) for __heap_base
    mallocr.o(i.__free$realloc) refers to mvars.o(.data) for __microlib_freelist
    mallocr.o(i.__malloc$realloc) refers to mallocr.o(i.internal_alloc) for internal_alloc
    mallocr.o(i.__malloc$realloc) refers to mvars.o(.data) for __microlib_freelist_initialised
    mallocr.o(i.__malloc$realloc) refers to startup_stm32f767xx.o(HEAP) for __heap_base
    mallocr.o(i.__malloc$realloc) refers to mvars.o(.data) for __microlib_freelist
    mallocr.o(i.internal_alloc) refers to memmovea.o(.text) for __aeabi_memcpy
    mallocr.o(i.internal_alloc) refers to mvars.o(.data) for __microlib_freelist
    mallocr.o(i.realloc) refers to mallocr.o(i.__free$realloc) for __free$realloc
    mallocr.o(i.realloc) refers to mallocr.o(i.internal_alloc) for internal_alloc
    mallocr.o(i.realloc) refers to mallocr.o(i.__malloc$realloc) for __malloc$realloc
    mallocr.o(i.realloc) refers to mvars.o(.data) for __microlib_freelist
    malloca.o(i.__aligned_malloc) refers to mvars.o(.data) for __microlib_freelist_initialised
    malloca.o(i.__aligned_malloc) refers to mvars.o(.data) for __microlib_freelist
    malloca.o(i.__aligned_malloc) refers to startup_stm32f767xx.o(HEAP) for __heap_base
    malloca.o(i.__free$memalign) refers to mvars.o(.data) for __microlib_freelist
    malloca.o(i.__malloc$memalign) refers to malloca.o(i.__aligned_malloc) for __aligned_malloc
    mallocra.o(i.__aligned_malloc$realloc) refers to mallocra.o(i.internal_alloc) for internal_alloc
    mallocra.o(i.__aligned_malloc$realloc) refers to mvars.o(.data) for __microlib_freelist_initialised
    mallocra.o(i.__aligned_malloc$realloc) refers to startup_stm32f767xx.o(HEAP) for __heap_base
    mallocra.o(i.__aligned_malloc$realloc) refers to mvars.o(.data) for __microlib_freelist
    mallocra.o(i.__free$realloc$memalign) refers to mvars.o(.data) for __microlib_freelist
    mallocra.o(i.__malloc$realloc$memalign) refers to mallocra.o(i.__aligned_malloc$realloc) for __aligned_malloc$realloc
    mallocra.o(i.__realloc$memalign) refers to mallocra.o(i.__free$realloc$memalign) for __free$realloc$memalign
    mallocra.o(i.__realloc$memalign) refers to mallocra.o(i.internal_alloc) for internal_alloc
    mallocra.o(i.__realloc$memalign) refers to mallocra.o(i.__malloc$realloc$memalign) for __malloc$realloc$memalign
    mallocra.o(i.__realloc$memalign) refers to mvars.o(.data) for __microlib_freelist
    mallocra.o(i.internal_alloc) refers to memmovea.o(.text) for __aeabi_memcpy
    mallocra.o(i.internal_alloc) refers to mvars.o(.data) for __microlib_freelist
    calloc.o(.text) refers to malloc.o(i.malloc) for malloc
    strtoul.o(.text) refers to errno.o(i.__aeabi_errno_addr) for __aeabi_errno_addr
    strtoul.o(.text) refers to ctype_o.o(.text) for __rt_ctype_table
    strtoul.o(.text) refers to _strtoul.o(.text) for _strtoul
    atoi.o(.text) refers to errno.o(i.__aeabi_errno_addr) for __aeabi_errno_addr
    atoi.o(.text) refers to strtol.o(.text) for strtol
    entry2.o(.ARM.Collect$$$$00000001) refers to entry2.o(.ARM.Collect$$$$00002712) for __lit__00000000
    entry2.o(.ARM.Collect$$$$00002712) refers to startup_stm32f767xx.o(STACK) for __initial_sp
    entry2.o(__vectab_stack_and_reset_area) refers to startup_stm32f767xx.o(STACK) for __initial_sp
    entry2.o(__vectab_stack_and_reset_area) refers to entry.o(.ARM.Collect$$$$00000000) for __main
    entry5.o(.ARM.Collect$$$$00000004) refers to init.o(.text) for __scatterload
    entry9a.o(.ARM.Collect$$$$0000000B) refers to main.o(i.main) for main
    entry9b.o(.ARM.Collect$$$$0000000C) refers to main.o(i.main) for main
    ctype_o.o(.text) refers to ctype_o.o(.constdata) for .constdata
    ctype_o.o(.constdata) refers to ctype_o.o(.constdata) for __ctype_table
    isalnum_o.o(.text) refers to ctype_o.o(.text) for __rt_ctype_table
    isalpha_o.o(.text) refers to ctype_o.o(.text) for __rt_ctype_table
    isblank_o.o(.text) refers to ctype_o.o(.constdata) for __ctype_table
    iscntrl_o.o(.text) refers to ctype_o.o(.text) for __rt_ctype_table
    isdigit_o.o(.text) refers to ctype_o.o(.text) for __rt_ctype_table
    isgraph_o.o(.text) refers to ctype_o.o(.text) for __rt_ctype_table
    islower_o.o(.text) refers to ctype_o.o(.text) for __rt_ctype_table
    isprint_o.o(.text) refers to ctype_o.o(.text) for __rt_ctype_table
    ispunct_o.o(.text) refers to ctype_o.o(.text) for __rt_ctype_table
    isspace_o.o(.text) refers to ctype_o.o(.text) for __rt_ctype_table
    isupper_o.o(.text) refers to ctype_o.o(.text) for __rt_ctype_table
    isxdigit_o.o(.text) refers to ctype_o.o(.text) for __rt_ctype_table
    errno.o(i.__aeabi_errno_addr) refers to errno.o(.data) for .data
    errno.o(i.__read_errno) refers to errno.o(.data) for .data
    errno.o(i.__set_errno) refers to errno.o(.data) for .data
    _strtoul.o(.text) refers to _chval.o(.text) for _chval
    _strtoul.o(.text) refers to errno.o(i.__aeabi_errno_addr) for __aeabi_errno_addr
    strtol.o(.text) refers to ctype_o.o(.text) for __rt_ctype_table
    strtol.o(.text) refers to _strtoul.o(.text) for _strtoul
    strtol.o(.text) refers to errno.o(i.__aeabi_errno_addr) for __aeabi_errno_addr
    dadd.o(.text) refers to llshl.o(.text) for __aeabi_llsl
    dadd.o(.text) refers to llsshr.o(.text) for __aeabi_lasr
    dadd.o(.text) refers to depilogue.o(.text) for _double_epilogue
    dmul.o(.text) refers to depilogue.o(.text) for _double_epilogue
    ddiv.o(.text) refers to depilogue.o(.text) for _double_round
    dfixul.o(.text) refers to llushr.o(.text) for __aeabi_llsr
    dfixul.o(.text) refers to llshl.o(.text) for __aeabi_llsl
    init.o(.text) refers to entry5.o(.ARM.Collect$$$$00000004) for __main_after_scatterload
    depilogue.o(.text) refers to llshl.o(.text) for __aeabi_llsl
    depilogue.o(.text) refers to llushr.o(.text) for __aeabi_llsr

