<html>
<body>
<pre>
<h1>µVision Build Log</h1>
<h2>Tool Versions:</h2>
IDE-Version: ¦ÌVision V5.28.0.0
Copyright (C) 2019 ARM Ltd and ARM Germany GmbH. All rights reserved.
License Information: 123 Microsoft, Microsoft, LIC=SDA0P-M7PS0-EVD1R-K3GDD-YNS0T-ALA3Q
 
Tool Versions:
Toolchain:       MDK-ARM Plus  Version: 5.28.0.0
Toolchain Path:  E:\Keil_v5\ARM\ARMCC\Bin
C Compiler:      Armcc.exe V5.06 update 6 (build 750)
Assembler:       Armasm.exe V5.06 update 6 (build 750)
Linker/Locator:  ArmLink.exe V5.06 update 6 (build 750)
Library Manager: ArmAr.exe V5.06 update 6 (build 750)
Hex Converter:   FromElf.exe V5.06 update 6 (build 750)
CPU DLL:         SARMCM3.DLL V5.28.0.0
Dialog DLL:      DCM.DLL V1.17.3.0
Target DLL:      Segger\JL2CM3.dll V2.99.36.0
Dialog DLL:      TCM.DLL V1.36.2.0
 
<h2>Project:</h2>
E:\Ò°»ðµç×Ó\WIFI\WIFI__AP6181\base_code_f767\wifi_lwip_webclient\Project\RVMDK£¨uv5£©\BH-F767.uvprojx
Project File Date:  11/09/2019

<h2>Output:</h2>
*** Using Compiler 'V5.06 update 6 (build 750)', folder: 'E:\Keil_v5\ARM\ARMCC\Bin'
Build target 'AP6181'
assembling startup_stm32f767xx.s...
compiling system_stm32f7xx.c...
compiling stm32f7xx_hal_adc_ex.c...
compiling stm32f7xx_hal_cortex.c...
compiling stm32f7xx_hal_cryp_ex.c...
compiling stm32f7xx_hal_crc.c...
compiling stm32f7xx_hal_cec.c...
compiling stm32f7xx_hal.c...
compiling stm32f7xx_hal_adc.c...
compiling stm32f7xx_hal_crc_ex.c...
compiling stm32f7xx_hal_cryp.c...
compiling stm32f7xx_hal_can.c...
compiling stm32f7xx_hal_dac.c...
compiling stm32f7xx_hal_dcmi.c...
compiling stm32f7xx_hal_dac_ex.c...
compiling stm32f7xx_hal_dcmi_ex.c...
compiling stm32f7xx_hal_flash_ex.c...
compiling stm32f7xx_hal_flash.c...
compiling stm32f7xx_hal_dma_ex.c...
compiling stm32f7xx_hal_hash_ex.c...
compiling stm32f7xx_hal_hash.c...
compiling stm32f7xx_hal_dma.c...
compiling stm32f7xx_hal_gpio.c...
compiling stm32f7xx_hal_eth.c...
compiling stm32f7xx_hal_dma2d.c...
compiling stm32f7xx_hal_i2c_ex.c...
compiling stm32f7xx_hal_hcd.c...
compiling stm32f7xx_hal_msp_template.c...
compiling stm32f7xx_hal_i2s.c...
compiling stm32f7xx_hal_irda.c...
compiling stm32f7xx_hal_lptim.c...
compiling stm32f7xx_hal_iwdg.c...
compiling stm32f7xx_hal_nor.c...
compiling stm32f7xx_hal_ltdc.c...
compiling stm32f7xx_hal_i2c.c...
compiling stm32f7xx_hal_pcd.c...
compiling stm32f7xx_hal_nand.c...
compiling stm32f7xx_hal_pcd_ex.c...
compiling stm32f7xx_hal_pwr.c...
compiling stm32f7xx_hal_rng.c...
compiling stm32f7xx_hal_rcc.c...
compiling stm32f7xx_hal_rcc_ex.c...
compiling stm32f7xx_hal_pwr_ex.c...
compiling stm32f7xx_hal_qspi.c...
compiling stm32f7xx_hal_rtc.c...
compiling stm32f7xx_hal_sai_ex.c...
compiling stm32f7xx_hal_sai.c...
compiling stm32f7xx_hal_rtc_ex.c...
compiling stm32f7xx_hal_sd.c...
compiling stm32f7xx_hal_sdram.c...
compiling stm32f7xx_hal_smartcard_ex.c...
compiling stm32f7xx_hal_smartcard.c...
compiling stm32f7xx_hal_spdifrx.c...
compiling stm32f7xx_hal_sram.c...
compiling stm32f7xx_hal_tim_ex.c...
compiling stm32f7xx_hal_uart.c...
compiling stm32f7xx_hal_spi.c...
compiling stm32f7xx_hal_tim.c...
compiling stm32f7xx_hal_wwdg.c...
compiling stm32f7xx_hal_usart.c...
compiling stm32f7xx_ll_fmc.c...
compiling stm32f7xx_ll_sdmmc.c...
compiling stm32f7xx_it.c...
compiling stm32f7xx_ll_usb.c...
compiling bsp_debug_usart.c...
compiling 43362A2_bin.c...
compiling main.c...
..\..\User\main.c(36): warning:  #1295-D: Deprecated declaration BSP_Init - give arg types
  void BSP_Init();
..\..\User\main.c: 1 warning, 0 errors
compiling client.c...
compiling croutine.c...
compiling event_groups.c...
compiling list.c...
compiling appliance.c...
compiling wifi_base_config.c...
compiling timers.c...
compiling queue.c...
compiling heap_4.c...
compiling port.c...
compiling tasks.c...
compiling netbuf.c...
compiling sys_arch.c...
..\..\..\WiFi_SDk\include\wiced_utilities.h(511): warning:  #68-D: integer conversion resulted in a change of sign
      return -1;
..\..\..\WiFi_SDK\WICED\network\LwIP\WWD\FreeRTOS\sys_arch.c: 1 warning, 0 errors
compiling def.c...
compiling inet_chksum.c...
compiling err.c...
compiling ip.c...
compiling api_lib.c...
compiling netdb.c...
compiling api_msg.c...
compiling tcpip.c...
compiling netifapi.c...
compiling init.c...
compiling raw.c...
compiling stats.c...
compiling mem.c...
compiling dns.c...
compiling sockets.c...
compiling memp.c...
compiling autoip.c...
compiling tcp_in.c...
compiling tcp_out.c...
compiling pbuf.c...
compiling sys.c...
compiling netif.c...
compiling etharp.c...
compiling icmp.c...
compiling ethip6.c...
compiling dhcp6.c...
compiling tcp.c...
compiling ip4.c...
compiling timeouts.c...
compiling ip4_addr.c...
compiling ip4_frag.c...
compiling udp.c...
compiling icmp6.c...
compiling inet6.c...
compiling ip6_addr.c...
compiling mld6.c...
compiling ip6.c...
compiling dhcp.c...
compiling ip6_frag.c...
compiling nd6.c...
compiling igmp.c...
compiling ethernetif.c...
compiling ethernet.c...
compiling lowpan6.c...
compiling wwd_debug.c...
compiling wwd_eapol.c...
compiling wwd_logging.c...
compiling wwd_bus_protocol.c...
..\..\..\WiFi_SDK\WICED\WWD\internal\bus_protocols\SDIO\wwd_bus_protocol.c(320): warning:  #223-D: function "host_platform_enable_high_speed_sdio" declared implicitly
      VERIFY_RESULT( host_platform_enable_high_speed_sdio( ));
..\..\..\WiFi_SDK\WICED\WWD\internal\bus_protocols\SDIO\wwd_bus_protocol.c(320): warning:  #188-D: enumerated type mixed with another type
      VERIFY_RESULT( host_platform_enable_high_speed_sdio( ));
..\..\..\WiFi_SDK\WICED\WWD\internal\bus_protocols\SDIO\wwd_bus_protocol.c(1085): warning:  #223-D: function "host_platform_enable_high_speed_sdio" declared implicitly
      host_platform_enable_high_speed_sdio( );
..\..\..\WiFi_SDK\WICED\WWD\internal\bus_protocols\SDIO\wwd_bus_protocol.c: 3 warnings, 0 errors
compiling wwd_chip_specific_functions.c...
compiling wwd_ap_common.c...
compiling wwd_bus_common.c...
compiling wwd_rtos_interface.c...
compiling wwd_internal.c...
compiling wwd_management.c...
compiling wwd_ap.c...
compiling wwd_thread_internal.c...
compiling wwd_sdpcm.c...
..\..\..\WiFi_SDk\include\wiced_utilities.h(511): warning:  #68-D: integer conversion resulted in a change of sign
      return -1;
..\..\..\WiFi_SDK\WICED\WWD\internal\wwd_sdpcm.c: 1 warning, 0 errors
compiling wwd_thread.c...
compiling platform_resource.c...
..\..\..\WiFi_SDK\WICED\platform\MCU\platform_resource.c(189): warning:  #223-D: function "free" declared implicitly
          free( (void*) buffer );
..\..\..\WiFi_SDK\WICED\platform\MCU\platform_resource.c: 1 warning, 0 errors
compiling wwd_resources.c...
..\..\..\WiFi_SDK\WICED\platform\MCU\wwd_resources.c(166): warning:  #188-D: enumerated type mixed with another type
          return resource_read( &wifi_firmware_image, offset, buffer_size, size_out, buffer );
..\..\..\WiFi_SDK\WICED\platform\MCU\wwd_resources.c: 1 warning, 0 errors
compiling tlv.c...
..\..\..\WiFi_SDk\include\wiced_utilities.h(511): warning:  #68-D: integer conversion resulted in a change of sign
      return -1;
..\..\..\WiFi_SDK\libraries\utilities\TLV\tlv.c: 1 warning, 0 errors
compiling ring_buffer.c...
compiling wiced_lib.c...
..\..\..\WiFi_SDk\include\wiced_utilities.h(511): warning:  #68-D: integer conversion resulted in a change of sign
      return -1;
..\..\..\WiFi_SDK\WICED\internal\wiced_lib.c: 1 warning, 0 errors
compiling wwd_wifi_chip_common.c...
compiling host_cm7.c...
compiling wwd_rtos.c...
..\..\..\WiFi_SDk\include\wiced_utilities.h(511): warning:  #68-D: integer conversion resulted in a change of sign
      return -1;
..\..\..\WiFi_SDK\WICED\RTOS\FreeRTOS\WWD\wwd_rtos.c: 1 warning, 0 errors
compiling wwd_platform_separate_mcu.c...
compiling wwd_wifi_sleep.c...
..\..\..\WiFi_SDk\include\wiced_utilities.h(511): warning:  #68-D: integer conversion resulted in a change of sign
      return -1;
..\..\..\WiFi_SDK\WICED\WWD\internal\wwd_wifi_sleep.c: 1 warning, 0 errors
compiling wwd_buffer.c...
..\..\..\WiFi_SDk\include\wiced_utilities.h(511): warning:  #68-D: integer conversion resulted in a change of sign
      return -1;
..\..\..\WiFi_SDK\WICED\network\LwIP\WWD\wwd_buffer.c(258): warning:  #188-D: enumerated type mixed with another type
      if ( WWD_SUCCESS == host_buffer_get( &buffer, direction, one_byte, WICED_NO_WAIT ) )
..\..\..\WiFi_SDK\WICED\network\LwIP\WWD\wwd_buffer.c: 2 warnings, 0 errors
compiling wiced_crypto.c...
compiling wwd_platform.c...
compiling wwd_wifi.c...
..\..\..\WiFi_SDk\include\wiced_utilities.h(511): warning:  #68-D: integer conversion resulted in a change of sign
      return -1;
..\..\..\WiFi_SDK\WICED\WWD\internal\wwd_wifi.c(3500): warning:  #188-D: enumerated type mixed with another type
      return ret;
..\..\..\WiFi_SDK\WICED\WWD\internal\wwd_wifi.c(3542): warning:  #111-D: statement is unreachable
          break;
..\..\..\WiFi_SDK\WICED\WWD\internal\wwd_wifi.c(3589): warning:  #111-D: statement is unreachable
          break;
..\..\..\WiFi_SDK\WICED\WWD\internal\wwd_wifi.c(3665): warning:  #111-D: statement is unreachable
          break;
..\..\..\WiFi_SDK\WICED\WWD\internal\wwd_wifi.c(6131): warning:  #188-D: enumerated type mixed with another type
      result = wwd_sdpcm_send_iovar( SDPCM_GET, buffer, &response, WICED_STA_INTERFACE);
..\..\..\WiFi_SDK\WICED\WWD\internal\wwd_wifi.c: 6 warnings, 0 errors
compiling 43362A2_bin.c...
compiling wwd_network.c...
..\..\..\WiFi_SDk\include\wiced_utilities.h(511): warning:  #68-D: integer conversion resulted in a change of sign
      return -1;
..\..\..\WiFi_SDK\WICED\network\LwIP\WWD\wwd_network.c(193): warning:  #767-D: conversion from pointer to smaller integer
      if ( ( (wiced_interface_t) netif->state  == WICED_ETHERNET_INTERFACE ) ||
..\..\..\WiFi_SDK\WICED\network\LwIP\WWD\wwd_network.c: 2 warnings, 0 errors
compiling low_level_init.c...
compiling wwd_SDIO.c...
..\..\..\WiFi_SDK\WICED\platform\MCU\STM32F7xx\WWD\wwd_SDIO.c(143): warning:  #223-D: function "platform_gpio_irq_enable" declared implicitly
      platform_gpio_irq_enable( &wifi_sdio_pins[ WWD_PIN_SDIO_OOB_IRQ ], sdio_oob_irq_handler, 0 );
..\..\..\WiFi_SDK\WICED\platform\MCU\STM32F7xx\WWD\wwd_SDIO.c(159): warning:  #177-D: variable "a"  was declared but never referenced
      uint8_t a;
..\..\..\WiFi_SDK\WICED\platform\MCU\STM32F7xx\WWD\wwd_SDIO.c(93): warning:  #550-D: variable "current_command"  was set but never used
  static uint32_t               current_command;
..\..\..\WiFi_SDK\WICED\platform\MCU\STM32F7xx\WWD\wwd_SDIO.c(94): warning:  #550-D: variable "current_transfer_direction"  was set but never used
  static wwd_bus_transfer_direction_t current_transfer_direction;
..\..\..\WiFi_SDK\WICED\platform\MCU\STM32F7xx\WWD\wwd_SDIO.c: 4 warnings, 0 errors
compiling platform_init.c...
..\..\..\WiFi_SDK\WICED\platform\MCU\STM32F7xx\platform_init.c(281): warning:  #188-D: enumerated type mixed with another type
          HAL_NVIC_SetPriority( i, 0xf, 0);
..\..\..\WiFi_SDK\WICED\platform\MCU\STM32F7xx\platform_init.c(74): warning:  #177-D: function "error_handler"  was declared but never referenced
  static void error_handler(void)
..\..\..\WiFi_SDK\WICED\platform\MCU\STM32F7xx\platform_init.c(81): warning:  #177-D: variable "stm32f2_clock_needed_counter"  was declared but never referenced
  static int32_t       stm32f2_clock_needed_counter = 0;
..\..\..\WiFi_SDK\WICED\platform\MCU\STM32F7xx\platform_init.c: 3 warnings, 0 errors
compiling platform.c...
..\..\..\WiFi_SDk\include\wiced_utilities.h(511): warning:  #68-D: integer conversion resulted in a change of sign
      return -1;
..\..\..\WiFi_SDK\WICED\platform\MCU\STM32F7xx\WWD\platform.c: 1 warning, 0 errors
compiling platform_gpio.c...
compiling gpio.c...
linking...
..\..\Output\USART1.axf: Warning: L6304W: Duplicate input file ..\..\output\43362a2_bin_1.o ignored.
Program Size: Code=72956 RO-data=213936 RW-data=732 ZI-data=125980  
Finished: 0 information, 1 warning and 0 error messages.
"..\..\Output\USART1.axf" - 0 Error(s), 31 Warning(s).

<h2>Software Packages used:</h2>

Package Vendor: Keil
                http://www.keil.com/pack/Keil.STM32F7xx_DFP.2.7.0.pack
                Keil.STM32F7xx_DFP.2.7.0
                STMicroelectronics STM32F7 Series Device Support, Drivers and Examples

<h2>Collection of Component include folders:</h2>
  .\RTE\_AP6181
  E:\Keil_v5\Packs\Keil\STM32F7xx_DFP\2.7.0\Drivers\CMSIS\Device\ST\STM32F7xx\Include

<h2>Collection of Component Files used:</h2>
Build Time Elapsed:  00:00:17
</pre>
</body>
</html>
